cli_hush.c:893:13:b_reset	0	static
cli_hush.c:932:12:static_get	0	static
cli_hush.c:939:12:static_peek	0	static
cli_hush.c:1113:12:file_peek	0	static
cli_hush.c:378:13:syntax_err	0	static
cli_hush.c:1980:12:free_pipe_list	48	static
cli_hush.c:3312:14:xmalloc	8	static
cli_hush.c:3323:14:xrealloc	8	static
cli_hush.c:2520:12:done_command	16	static
cli_hush.c:2569:12:done_pipe	16	static
cli_hush.c:3646:12:do_showvar	40	static
cli_hush.c:1070:12:file_get	24	static
cli_hush.c:883:12:b_addchr	16	static
cli_hush.c:911:12:b_addqchr	16	static
cli_hush.c:2429:12:done_word	24	static
cli_hush.c:2116:7:get_local_var	16	static
cli_hush.c:2138:5:set_local_var	32	static
cli_hush.c:3502:14:insert_var_value_sub	48	static
cli_hush.c:2229:6:unset_local_var	16	static
cli_hush.c:3237:5:parse_string_outer	48	static
cli_hush.c:1740:12:run_list_real	88	static
cli_hush.c:3163:12:parse_stream_outer	104	static
cli_hush.c:3268:5:parse_file_outer	32	static
cli_hush.c:3296:5:u_boot_hush_start	16	static
