cmd_nvedit.c:773:12:do_env_delete	24	static
cmd_nvedit.c:1088:12:do_env_exists	48	static
cmd_nvedit.c:696:12:do_env_save	8	static
cmd_nvedit.c:1153:12:do_env	24	static
cmd_nvedit.c:83:12:env_print	56	static
cmd_nvedit.c:116:12:do_env_print	24	static
cmd_nvedit.c:975:12:do_env_import	56	static
cmd_nvedit.c:736:12:do_env_default	8	static
cmd_nvedit.c:213:12:_do_env_set.isra.1	72	static
cmd_nvedit.c:349:12:do_env_set	0	static
cmd_nvedit.c:72:5:get_env_id	0	static
cmd_nvedit.c:289:5:setenv	24	static
cmd_nvedit.c:310:5:setenv_ulong	8	static
cmd_nvedit.c:325:5:setenv_hex	32	static
cmd_nvedit.c:854:12:do_env_export	96	static
cmd_nvedit.c:720:5:envmatch	24	static
cmd_nvedit.c:639:5:getenv_f	32	static
cmd_nvedit.c:613:7:getenv	48	static
cmd_nvedit.c:333:7:getenv_hex	24	static
cmd_nvedit.c:683:7:getenv_ulong	16	static
cmd_nvedit.c:584:12:do_env_edit	1032	static
