cmd_menu.c:67:12:set_args	520	static
cmd_menu.c:101:13:do_set_gatewayip	0	static
cmd_menu.c:97:13:do_set_net_mask	0	static
cmd_menu.c:89:13:do_set_custom_eth_mac	0	static
cmd_menu.c:112:13:do_set_custom_kernel_ip	288	static
cmd_menu.c:106:13:do_set_kernel_ip_use_uboot	280	static
cmd_menu.c:80:13:do_set_off_para	64	static
cmd_menu.c:232:13:tftp_update_kernel	8	static
cmd_menu.c:240:13:tftp_update_onekey	8	static
cmd_menu.c:54:13:gen_eth_addr	296	static
cmd_menu.c:93:13:do_set_gen_eth_addr	0	static
cmd_menu.c:471:12:parse_menu	32	static
cmd_menu.c:517:5:do_menu	8	static
cmd_menu.c:279:13:sd_update_kernel	8	static
cmd_menu.c:123:13:set_display_args	296	static
cmd_menu.c:140:13:do_set_lvds_para_1366768	16	static
cmd_menu.c:153:13:do_set_hdmi_para_1080	16	static
cmd_menu.c:149:13:do_set_hdmi_para_720	16	static
cmd_menu.c:145:13:do_set_hdmi_para_480	16	static
cmd_menu.c:174:13:do_set_lcd_para_TQ_VGA_1280720	16	static
cmd_menu.c:166:13:do_set_lcd_para_TQ_VGA_640480	16	static
cmd_menu.c:190:13:do_set_lcd_para_TQ_VGA_19201200	16	static
cmd_menu.c:186:13:do_set_lcd_para_TQ_VGA_19201080	16	static
cmd_menu.c:182:13:do_set_lcd_para_TQ_VGA_1360768	16	static
cmd_menu.c:178:13:do_set_lcd_para_TQ_VGA_1280768	16	static
cmd_menu.c:170:13:do_set_lcd_para_TQ_VGA_1024768	16	static
cmd_menu.c:162:13:do_set_lcd_para_TQ_TFT_1024600	16	static
cmd_menu.c:158:13:do_set_lcd_para_CLAA_WVGA	16	static
cmd_menu.c:195:12:determine_to_save	8	static
cmd_menu.c:210:13:do_nfs_para_setting	8	static
cmd_menu.c:219:13:tftp_para_setting	8	static
cmd_menu.c:247:12:_sdcard_update.constprop	520	static
cmd_menu.c:274:13:sdcard_update	0	static
