miiphyutil.c:67:12:legacy_miiphy_read	16	static
miiphyutil.c:78:12:legacy_miiphy_write	0	static
miiphyutil.c:38:17:miiphy_get_dev_by_name	16	static
miiphyutil.c:61:6:miiphy_init	0	static
miiphyutil.c:140:17:mdio_alloc	8	static
miiphyutil.c:91:6:miiphy_register	32	static
miiphyutil.c:156:6:mdio_free	0	static
miiphyutil.c:161:5:mdio_register	16	static
miiphyutil.c:182:5:mdio_unregister	0	static
miiphyutil.c:196:6:mdio_list_devices	24	static
miiphyutil.c:221:5:miiphy_set_current_dev	8	static
miiphyutil.c:271:24:miiphy_get_active_dev	16	static
miiphyutil.c:236:17:mdio_get_current_dev	0	static
miiphyutil.c:241:20:mdio_phydev_for_ethname	24	static
miiphyutil.c:263:13:miiphy_get_current_dev	0	static
miiphyutil.c:295:5:miiphy_read	16	static
miiphyutil.c:323:5:miiphy_write	24	static
miiphyutil.c:339:6:miiphy_listdev	16	static
miiphyutil.c:368:5:miiphy_info	32	static
miiphyutil.c:453:5:miiphy_speed	24	static
miiphyutil.c:506:5:miiphy_duplex	24	static
miiphyutil.c:566:5:miiphy_is_1000base_x	0	static
