mx6sabresd.c:816:13:enable_lvds	0	static
mx6sabresd.c:298:13:enable_rgb	8	static
mx6sabresd.c:810:13:do_enable_hdmi	0	static
mx6sabresd.c:95:5:dram_init	8	static
mx6sabresd.c:398:5:mmc_get_env_devno	0	static
mx6sabresd.c:422:5:mmc_map_to_kernel_blk	0	static
mx6sabresd.c:434:5:board_mmc_getcd	8	static
mx6sabresd.c:454:5:board_mmc_init	16	static
mx6sabresd.c:540:5:check_mmc_autodetect	8	static
mx6sabresd.c:552:6:board_late_mmc_env_init	72	static
mx6sabresd.c:758:5:mx6_rgmii_rework	16	static
mx6sabresd.c:787:5:board_phy_config	8	static
mx6sabresd.c:1230:5:overwrite_console	0	static
mx6sabresd.c:1235:5:board_eth_init	296	static
mx6sabresd.c:1288:5:board_ehci_hcd_init	0	static
mx6sabresd.c:1303:5:board_ehci_power	8	static
mx6sabresd.c:1323:5:board_early_init_f	8	static
mx6sabresd.c:1348:5:board_init	8	static
mx6sabresd.c:1589:5:board_late_init	8	static
mx6sabresd.c:1601:5:checkboard	8	static
mx6sabresd.c:1609:6:board_fastboot_setup	8	static
mx6sabresd.c:1656:5:check_recovery_cmd_file	8	static
mx6sabresd.c:1677:6:board_recovery_setup	8	static
