mxc_i2c.c:191:12:wait_for_sr_state	40	static
mxc_i2c.c:220:12:tx_byte	8	static
mxc_i2c.c:139:16:i2c_imx_get_clk	8	static
mxc_i2c.c:237:13:i2c_imx_stop	8	static
mxc_i2c.c:566:13:mxc_i2c_set_bus_speed	8	static
mxc_i2c.c:254:6:__i2c_force_reset_slave	0	static
mxc_i2c.c:317:12:i2c_init_transfer	56	static
mxc_i2c.c:346:5:bus_i2c_read	32	static
mxc_i2c.c:499:12:mxc_i2c_read	0	static
mxc_i2c.c:406:5:bus_i2c_write	24	static
mxc_i2c.c:506:12:mxc_i2c_write	0	static
mxc_i2c.c:516:12:mxc_i2c_probe	16	static
mxc_i2c.c:471:7:i2c_get_base	0	static
mxc_i2c.c:521:6:bus_i2c_init	8	static
mxc_i2c.c:558:13:mxc_i2c_init	16	static
