Archive member included to satisfy reference by file (symbol)

/opt/EmbedSky/TQIMX6/android-6.0.1-2.1.0/prebuilts/gcc/linux-x86/arm/arm-linux-androideabi-4.9/bin/../lib/gcc/arm-linux-androideabi/4.9.x-google/armv7-a/libgcc.a(_udivsi3.o)
                              arch/arm/cpu/armv7/built-in.o (__aeabi_uidiv)
/opt/EmbedSky/TQIMX6/android-6.0.1-2.1.0/prebuilts/gcc/linux-x86/arm/arm-linux-androideabi-4.9/bin/../lib/gcc/arm-linux-androideabi/4.9.x-google/armv7-a/libgcc.a(_divsi3.o)
                              common/built-in.o (__aeabi_idiv)
/opt/EmbedSky/TQIMX6/android-6.0.1-2.1.0/prebuilts/gcc/linux-x86/arm/arm-linux-androideabi-4.9/bin/../lib/gcc/arm-linux-androideabi/4.9.x-google/armv7-a/libgcc.a(_lshrdi3.o)
                              fs/built-in.o (__aeabi_llsr)
/opt/EmbedSky/TQIMX6/android-6.0.1-2.1.0/prebuilts/gcc/linux-x86/arm/arm-linux-androideabi-4.9/bin/../lib/gcc/arm-linux-androideabi/4.9.x-google/armv7-a/libgcc.a(_ashldi3.o)
                              drivers/mmc/built-in.o (__aeabi_llsl)
/opt/EmbedSky/TQIMX6/android-6.0.1-2.1.0/prebuilts/gcc/linux-x86/arm/arm-linux-androideabi-4.9/bin/../lib/gcc/arm-linux-androideabi/4.9.x-google/armv7-a/libgcc.a(_dvmd_lnx.o)
                              /opt/EmbedSky/TQIMX6/android-6.0.1-2.1.0/prebuilts/gcc/linux-x86/arm/arm-linux-androideabi-4.9/bin/../lib/gcc/arm-linux-androideabi/4.9.x-google/armv7-a/libgcc.a(_udivsi3.o) (__aeabi_idiv0)

Discarded input sections

 .data          0x0000000000000000        0x0 arch/arm/cpu/armv7/start.o
 .bss           0x0000000000000000        0x0 arch/arm/cpu/armv7/start.o
 .text.v7_outer_cache_flush_all
                0x0000000000000000        0x4 arch/arm/cpu/armv7/built-in.o
 .text.v7_outer_cache_inval_all
                0x0000000000000000        0x4 arch/arm/cpu/armv7/built-in.o
 .text.v7_outer_cache_flush_range
                0x0000000000000000        0x4 arch/arm/cpu/armv7/built-in.o
 .text.v7_outer_cache_inval_range
                0x0000000000000000        0x4 arch/arm/cpu/armv7/built-in.o
 .text.v7_arch_cp15_set_l2aux_ctrl
                0x0000000000000000        0x8 arch/arm/cpu/armv7/built-in.o
 .text.v7_arch_cp15_set_acr
                0x0000000000000000        0x8 arch/arm/cpu/armv7/built-in.o
 .text.sdelay   0x0000000000000000        0xc arch/arm/cpu/armv7/built-in.o
 .text.wait_on_value
                0x0000000000000000       0x34 arch/arm/cpu/armv7/built-in.o
 .text.set_wdog_reset
                0x0000000000000000       0x18 arch/arm/cpu/armv7/built-in.o
 .text.check_ldo_bypass
                0x0000000000000000       0x78 arch/arm/cpu/armv7/built-in.o
 .text.check_1_2G
                0x0000000000000000       0x5c arch/arm/cpu/armv7/built-in.o
 .text.set_arm_freq_400M
                0x0000000000000000       0x2c arch/arm/cpu/armv7/built-in.o
 .text.prep_anatop_bypass
                0x0000000000000000       0x6c arch/arm/cpu/armv7/built-in.o
 .text.set_anatop_bypass
                0x0000000000000000       0x50 arch/arm/cpu/armv7/built-in.o
 .text.finish_anatop_bypass
                0x0000000000000000       0x24 arch/arm/cpu/armv7/built-in.o
 .text.enable_enet_pll
                0x0000000000000000       0x68 arch/arm/cpu/armv7/built-in.o
 .text.enable_enet_clk
                0x0000000000000000       0x24 arch/arm/cpu/armv7/built-in.o
 .text.enable_uart_clk
                0x0000000000000000       0x24 arch/arm/cpu/armv7/built-in.o
 .text.enable_usdhc_clk
                0x0000000000000000       0x4c arch/arm/cpu/armv7/built-in.o
 .text.enable_spi_clk
                0x0000000000000000       0x44 arch/arm/cpu/armv7/built-in.o
 .text.enable_fec_anatop_clock
                0x0000000000000000       0x98 arch/arm/cpu/armv7/built-in.o
 .text.enable_sata_clock
                0x0000000000000000       0x1c arch/arm/cpu/armv7/built-in.o
 .text.disable_sata_clock
                0x0000000000000000       0x18 arch/arm/cpu/armv7/built-in.o
 .text.enable_pcie_clock
                0x0000000000000000       0x70 arch/arm/cpu/armv7/built-in.o
 .data          0x0000000000000000        0x0 arch/arm/cpu/armv7/built-in.o
 .bss           0x0000000000000000        0x0 arch/arm/cpu/armv7/built-in.o
 .bss.ldo_bypass
                0x0000000000000000        0x4 arch/arm/cpu/armv7/built-in.o
 .bss.arm_orig_podf
                0x0000000000000000        0x4 arch/arm/cpu/armv7/built-in.o
 .text          0x0000000000000000        0x0 arch/arm/imx-common/built-in.o
 .text.get_imx_reset_cause
                0x0000000000000000       0x10 arch/arm/imx-common/built-in.o
 .text.set_chipselect_size
                0x0000000000000000       0x84 arch/arm/imx-common/built-in.o
 .text.mxs_wait_mask_set
                0x0000000000000000       0x40 arch/arm/imx-common/built-in.o
 .text.mxs_wait_mask_clr
                0x0000000000000000       0x3c arch/arm/imx-common/built-in.o
 .text.mxs_reset_block
                0x0000000000000000       0x90 arch/arm/imx-common/built-in.o
 .text.detect_hdmi
[...]
Memory Configuration

Name             Origin             Length             Attributes
*default*        0x0000000000000000 0xffffffffffffffff

Linker script and memory map

Address of section .text set to 0x17800000
                0x0000000000000000                . = 0x0
                0x0000000000000000                . = ALIGN (0x4)

.text           0x0000000017800000    0x455bc
 *(.__image_copy_start)
 .__image_copy_start
                0x0000000017800000        0x0 arch/arm/lib/built-in.o
                0x0000000017800000                __image_copy_start
 *(.vectors)
 .vectors       0x0000000017800000      0x300 arch/arm/lib/built-in.o
                0x0000000017800000                _start
                0x0000000017800020                _undefined_instruction
                0x0000000017800024                _software_interrupt
                0x0000000017800028                _prefetch_abort
                0x000000001780002c                _data_abort
                0x0000000017800030                _not_used
                0x0000000017800034                _irq
                0x0000000017800038                _fiq
                0x0000000017800040                IRQ_STACK_START_IN
 arch/arm/cpu/armv7/start.o(.text*)
 .text          0x0000000017800300       0xec arch/arm/cpu/armv7/start.o
                0x0000000017800300                reset
                0x0000000017800304                save_boot_params_ret
                0x0000000017800340                c_runtime_cpu_setup
                0x0000000017800350                save_boot_params
                0x0000000017800354                cpu_init_cp15
                0x00000000178003e4                cpu_init_crit
 *(.text*)
 .text          0x00000000178003ec       0x1c arch/arm/cpu/armv7/built-in.o
                0x00000000178003ec                lowlevel_init
 .text.v7_maint_dcache_all
                0x0000000017800408       0xd0 arch/arm/cpu/armv7/built-in.o
 .text.invalidate_icache_all
                0x00000000178004d8       0x18 arch/arm/cpu/armv7/built-in.o
                0x00000000178004d8                invalidate_icache_all
 .text.v7_outer_cache_enable
                0x00000000178004f0       0x6c arch/arm/cpu/armv7/built-in.o
                0x00000000178004f4                v7_outer_cache_enable
 .text.v7_outer_cache_disable
                0x000000001780055c       0x1c arch/arm/cpu/armv7/built-in.o
                0x0000000017800560                v7_outer_cache_disable
 .text.flush_dcache_all
                0x0000000017800578       0x14 arch/arm/cpu/armv7/built-in.o
                0x0000000017800578                flush_dcache_all
 .text.invalidate_dcache_all
                0x000000001780058c       0x14 arch/arm/cpu/armv7/built-in.o
                0x000000001780058c                invalidate_dcache_all
 .text.arm_init_before_mmu
                0x00000000178005a0       0x28 arch/arm/cpu/armv7/built-in.o
                0x00000000178005a0                arm_init_before_mmu
 .text.flush_dcache_range
                0x00000000178005c8       0x3c arch/arm/cpu/armv7/built-in.o
                0x00000000178005c8                flush_dcache_range
 .text.mmu_page_table_flush
                0x0000000017800604       0x24 arch/arm/cpu/armv7/built-in.o
                0x0000000017800604                mmu_page_table_flush
 .text.flush_cache
                0x0000000017800628        0x8 arch/arm/cpu/armv7/built-in.o
                0x0000000017800628                flush_cache
 .text.invalidate_dcache_range
                0x0000000017800630       0xac arch/arm/cpu/armv7/built-in.o
                0x0000000017800630                invalidate_dcache_range
 .text.cpu_cache_initialization
                0x00000000178006dc        0x4 arch/arm/cpu/armv7/built-in.o
                0x00000000178006dc                cpu_cache_initialization
 .text.cleanup_before_linux
                0x00000000178006e0       0x28 arch/arm/cpu/armv7/built-in.o
                0x00000000178006e0                cleanup_before_linux
 .text.get_nr_cpus
                0x0000000017800708       0x10 arch/arm/cpu/armv7/built-in.o
                0x0000000017800708                get_nr_cpus
 .text.get_cpu_rev
                0x0000000017800718       0x68 arch/arm/cpu/armv7/built-in.o
                0x0000000017800718                get_cpu_rev
 .text.get_board_rev
                0x0000000017800780       0x30 arch/arm/cpu/armv7/built-in.o
                0x0000000017800780                get_board_rev
 .text.init_aips
                0x00000000178007b0       0x58 arch/arm/cpu/armv7/built-in.o
                0x00000000178007b0                init_aips
 .text.arch_cpu_init
                0x0000000017800808      0x1e0 arch/arm/cpu/armv7/built-in.o
                0x0000000017800808                arch_cpu_init
 .text.board_postclk_init
                0x00000000178009e8       0x50 arch/arm/cpu/armv7/built-in.o
                0x00000000178009e8                board_postclk_init
 .text.get_board_serial
                0x0000000017800a38       0x1c arch/arm/cpu/armv7/built-in.o
                0x0000000017800a38                get_board_serial
 .text.enable_caches
                0x0000000017800a54       0x34 arch/arm/cpu/armv7/built-in.o
                0x0000000017800a54                enable_caches
 .text.imx_get_mac_from_fuse
                0x0000000017800a88       0x3c arch/arm/cpu/armv7/built-in.o
                0x0000000017800a88                imx_get_mac_from_fuse
 .text.boot_mode_apply
                0x0000000017800ac4       0x24 arch/arm/cpu/armv7/built-in.o
                0x0000000017800ac4                boot_mode_apply
 .text.get_boot_device
                0x0000000017800ae8       0x9c arch/arm/cpu/armv7/built-in.o
                0x0000000017800ae8                get_boot_device
 .text.s_init   0x0000000017800b84       0x88 arch/arm/cpu/armv7/built-in.o
                0x0000000017800b84                s_init
 .text.reset_misc
                0x0000000017800c0c        0x4 arch/arm/cpu/armv7/built-in.o
                0x0000000017800c0c                reset_misc
 .text.imx_enable_hdmi_phy
                0x0000000017800c10       0x4c arch/arm/cpu/armv7/built-in.o
                0x0000000017800c10                imx_enable_hdmi_phy
 .text.imx_setup_hdmi
                0x0000000017800c5c       0x78 arch/arm/cpu/armv7/built-in.o
                0x0000000017800c5c                imx_setup_hdmi
 .text.recovery_check_and_clean_flag
                0x0000000017800cd4       0x40 arch/arm/cpu/armv7/built-in.o
                0x0000000017800cd4                recovery_check_and_clean_flag
 .text.fastboot_check_and_clean_flag
                0x0000000017800d14       0x24 arch/arm/cpu/armv7/built-in.o
                0x0000000017800d14                fastboot_check_and_clean_flag
 .text.fastboot_enable_flag
                0x0000000017800d38       0x18 arch/arm/cpu/armv7/built-in.o
                0x0000000017800d38                fastboot_enable_flag
 .text.mxc_get_pll_pfd
                0x0000000017800d50       0xa0 arch/arm/cpu/armv7/built-in.o
 .text.get_usdhc_clk
                0x0000000017800df0       0x90 arch/arm/cpu/armv7/built-in.o
 .text.enable_ocotp_clk
                0x0000000017800e80       0x24 arch/arm/cpu/armv7/built-in.o
                0x0000000017800e80                enable_ocotp_clk
 .text.enable_usboh3_clk
                0x0000000017800ea4       0x24 arch/arm/cpu/armv7/built-in.o
                0x0000000017800ea4                enable_usboh3_clk
 .text.enable_i2c_clk
                0x0000000017800ec8       0x48 arch/arm/cpu/armv7/built-in.o
                0x0000000017800ec8                enable_i2c_clk
 .text.get_periph_clk
                0x0000000017800f10       0xdc arch/arm/cpu/armv7/built-in.o
                0x0000000017800f10                get_periph_clk
 .text.get_axi_clk
                0x0000000017800fec       0x4c arch/arm/cpu/armv7/built-in.o
 .text.imx_get_uartclk
                0x0000000017801038       0x54 arch/arm/cpu/armv7/built-in.o
                0x0000000017801038                imx_get_uartclk
 .text.enable_thermal_clk
                0x000000001780108c       0x48 arch/arm/cpu/armv7/built-in.o
                0x000000001780108c                enable_thermal_clk
 .text.mxc_get_clock
                0x00000000178010d4      0x224 arch/arm/cpu/armv7/built-in.o
                0x00000000178010d4                mxc_get_clock
 .text.imx_get_fecclk
                0x00000000178012f8        0x8 arch/arm/cpu/armv7/built-in.o
                0x00000000178012f8                imx_get_fecclk
 .text.do_mx6_showclocks
                0x0000000017801300      0x230 arch/arm/cpu/armv7/built-in.o
                0x0000000017801300                do_mx6_showclocks
 .text.enable_ipu_clock
                0x0000000017801530       0x18 arch/arm/cpu/armv7/built-in.o
                0x0000000017801530                enable_ipu_clock
 .text.cpu_reset
                0x0000000017801548       0x28 arch/arm/cpu/armv7/built-in.o
                0x0000000017801548                cpu_reset
 .text.cpu_status
                0x0000000017801570       0x40 arch/arm/cpu/armv7/built-in.o
                0x0000000017801570                cpu_status
 .text.cpu_release
                0x00000000178015b0       0x80 arch/arm/cpu/armv7/built-in.o
                0x00000000178015b0                cpu_release
 .text.is_core_valid
                0x0000000017801630       0x1c arch/arm/cpu/armv7/built-in.o
                0x0000000017801630                is_core_valid
 .text.cpu_disable
                0x000000001780164c       0x28 arch/arm/cpu/armv7/built-in.o
                0x000000001780164c                cpu_disable
 .text.imx_iomux_v3_setup_pad
                0x0000000017801674       0xb0 arch/arm/imx-common/built-in.o
                0x0000000017801674                imx_iomux_v3_setup_pad
 .text.imx_iomux_v3_setup_multiple_pads
                0x0000000017801724       0x2c arch/arm/imx-common/built-in.o
                0x0000000017801724                imx_iomux_v3_setup_multiple_pads
 .text.imx_iomux_set_gpr_register
                0x0000000017801750       0x3c arch/arm/imx-common/built-in.o
                0x0000000017801750                imx_iomux_set_gpr_register
 .text.imx_ddr_size
                0x000000001780178c       0x64 arch/arm/imx-common/built-in.o
                0x000000001780178c                imx_ddr_size
 .text.get_imx_type
                0x00000000178017f0       0x20 arch/arm/imx-common/built-in.o
                0x00000000178017f0                get_imx_type
 .text.print_cpuinfo
                0x0000000017801810      0x1d8 arch/arm/imx-common/built-in.o
                0x0000000017801810                print_cpuinfo
 .text.cpu_eth_init
                0x00000000178019e8        0x4 arch/arm/imx-common/built-in.o
                0x00000000178019e8                cpu_eth_init
 .text.cpu_mmc_init
                0x00000000178019ec        0x4 arch/arm/imx-common/built-in.o
                0x00000000178019ec                cpu_mmc_init
 .text.get_ahb_clk
                0x00000000178019f0       0x24 arch/arm/imx-common/built-in.o
                0x00000000178019f0                get_ahb_clk
 .text.arch_preboot_os
                0x0000000017801a14        0x4 arch/arm/imx-common/built-in.o
                0x0000000017801a14                arch_preboot_os
 .text.get_clocks
                0x0000000017801a18       0x1c arch/arm/imx-common/built-in.o
                0x0000000017801a18                get_clocks
 .text.force_idle_bus
                0x0000000017801a34      0x1c4 arch/arm/imx-common/built-in.o
 .text.setup_i2c
                0x0000000017801bf8       0xec arch/arm/imx-common/built-in.o
                0x0000000017801bf8                setup_i2c
 .text.board_video_skip
                0x0000000017801ce4      0x170 arch/arm/imx-common/built-in.o
                0x0000000017801ce4                board_video_skip
 .text.timer_init
                0x0000000017801e54      0x13c arch/arm/imx-common/built-in.o
                0x0000000017801e54                timer_init
 .text.get_ticks
                0x0000000017801f90       0x44 arch/arm/imx-common/built-in.o
                0x0000000017801f90                get_ticks
 .text.get_timer_masked
                0x0000000017801fd4       0xf0 arch/arm/imx-common/built-in.o
                0x0000000017801fd4                get_timer_masked
 .text.get_timer
                0x00000000178020c4       0x14 arch/arm/imx-common/built-in.o
                0x00000000178020c4                get_timer
 .text.__udelay
                0x00000000178020d8      0x128 arch/arm/imx-common/built-in.o
                0x00000000178020d8                __udelay
 .text.get_tbclk
                0x0000000017802200       0x94 arch/arm/imx-common/built-in.o
                0x0000000017802200                get_tbclk
 .text.create_usage
                0x0000000017802294       0xa0 arch/arm/imx-common/built-in.o
 .text.do_boot_mode
                0x0000000017802334       0xcc arch/arm/imx-common/built-in.o
 .text.add_board_boot_modes
                0x0000000017802400       0x60 arch/arm/imx-common/built-in.o
                0x0000000017802400                add_board_boot_modes
 .text          0x0000000017802460       0xa8 arch/arm/lib/built-in.o
                0x0000000017802460                _main
 .text.relocate_vectors
                0x0000000017802508       0x70 arch/arm/lib/built-in.o
                0x0000000017802508                relocate_vectors
                0x0000000017802514                relocate_code
 .text.arch_fixup_fdt
                0x0000000017802578       0x54 arch/arm/lib/built-in.o
                0x0000000017802578                arch_fixup_fdt
 .text.boot_jump_linux
                0x00000000178025cc       0xc4 arch/arm/lib/built-in.o
 .text.arch_lmb_reserve
                0x0000000017802690       0x24 arch/arm/lib/built-in.o
                0x0000000017802690                arch_lmb_reserve
 .text.setup_board_tags
                0x00000000178026b4        0x4 arch/arm/lib/built-in.o
                0x00000000178026b4                setup_board_tags
 .text.boot_prep_linux
                0x00000000178026b8      0x1ec arch/arm/lib/built-in.o
 .text.do_bootm_linux
                0x00000000178028a4       0x5c arch/arm/lib/built-in.o
                0x00000000178028a4                do_bootm_linux
 .text.bootz_setup
                0x0000000017802900       0x60 arch/arm/lib/built-in.o
                0x0000000017802900                bootz_setup
 .text.boot_prep_vxworks
                0x0000000017802960       0x50 arch/arm/lib/built-in.o
                0x0000000017802960                boot_prep_vxworks
 .text.boot_jump_vxworks
                0x00000000178029b0        0xc arch/arm/lib/built-in.o
                0x00000000178029b0                boot_jump_vxworks
 .text.v7_outer_cache_inval_all
                0x00000000178029bc       0x38 arch/arm/lib/built-in.o
                0x00000000178029bc                v7_outer_cache_inval_all
 .text.v7_outer_cache_flush_all
                0x00000000178029f4       0x38 arch/arm/lib/built-in.o
                0x00000000178029f4                v7_outer_cache_flush_all
 .text.v7_outer_cache_flush_range
                0x0000000017802a2c       0x30 arch/arm/lib/built-in.o
                0x0000000017802a2c                v7_outer_cache_flush_range
 .text.v7_outer_cache_inval_range
                0x0000000017802a5c       0x80 arch/arm/lib/built-in.o
                0x0000000017802a5c                v7_outer_cache_inval_range
 .text.arch_reserve_stacks
                0x0000000017802adc       0x1c arch/arm/lib/built-in.o
                0x0000000017802adc                arch_reserve_stacks
 .text.interrupt_init
                0x0000000017802af8       0x1c arch/arm/lib/built-in.o
                0x0000000017802af8                interrupt_init
 .text.enable_interrupts
                0x0000000017802b14        0x4 arch/arm/lib/built-in.o
                0x0000000017802b14                enable_interrupts
 .text.disable_interrupts
                0x0000000017802b18        0x8 arch/arm/lib/built-in.o
                0x0000000017802b18                disable_interrupts
 .text.bad_mode
                0x0000000017802b20       0x10 arch/arm/lib/built-in.o
                0x0000000017802b20                bad_mode
 .text.show_regs
                0x0000000017802b30      0x174 arch/arm/lib/built-in.o
                0x0000000017802b30                show_regs
 .text.do_undefined_instruction
                0x0000000017802ca4       0x20 arch/arm/lib/built-in.o
                0x0000000017802ca4                do_undefined_instruction
 .text.do_software_interrupt
                0x0000000017802cc4       0x20 arch/arm/lib/built-in.o
                0x0000000017802cc4                do_software_interrupt
 .text.do_prefetch_abort
                0x0000000017802ce4       0x20 arch/arm/lib/built-in.o
                0x0000000017802ce4                do_prefetch_abort
 .text.do_data_abort
                0x0000000017802d04       0x20 arch/arm/lib/built-in.o
                0x0000000017802d04                do_data_abort
 .text.do_not_used
                0x0000000017802d24       0x20 arch/arm/lib/built-in.o
                0x0000000017802d24                do_not_used
 .text.do_fiq   0x0000000017802d44       0x20 arch/arm/lib/built-in.o
                0x0000000017802d44                do_fiq
 .text.do_irq   0x0000000017802d64       0x20 arch/arm/lib/built-in.o
                0x0000000017802d64                do_irq
 .text.do_reset
                0x0000000017802d84       0x30 arch/arm/lib/built-in.o
                0x0000000017802d84                do_reset
 .text.cp_delay
                0x0000000017802db4       0x30 arch/arm/lib/built-in.o
 .text.arm_init_domains
                0x0000000017802de4        0x4 arch/arm/lib/built-in.o
                0x0000000017802de4                arm_init_domains
 .text.set_section_dcache
                0x0000000017802de8       0x14 arch/arm/lib/built-in.o
                0x0000000017802de8                set_section_dcache
 .text.mmu_set_region_dcache_behaviour
                0x0000000017802dfc       0x50 arch/arm/lib/built-in.o
                0x0000000017802dfc                mmu_set_region_dcache_behaviour
 .text.dram_bank_mmu_setup
                0x0000000017802e4c       0x44 arch/arm/lib/built-in.o
                0x0000000017802e4c                dram_bank_mmu_setup
 .text.icache_enable
                0x0000000017802e90       0x18 arch/arm/lib/built-in.o
                0x0000000017802e90                icache_enable
 .text.icache_disable
                0x0000000017802ea8       0x1c arch/arm/lib/built-in.o
                0x0000000017802ea8                icache_disable
 .text.icache_status
                0x0000000017802ec4        0xc arch/arm/lib/built-in.o
                0x0000000017802ec4                icache_status
 .text.dcache_enable
                0x0000000017802ed0       0x74 arch/arm/lib/built-in.o
                0x0000000017802ed0                dcache_enable
 .text.dcache_disable
                0x0000000017802f44       0x38 arch/arm/lib/built-in.o
                0x0000000017802f44                dcache_disable
 .text.dcache_status
                0x0000000017802f7c        0xc arch/arm/lib/built-in.o
                0x0000000017802f7c                dcache_status
 .text.check_recovery_mode
                0x0000000017802f88       0x34 board/freescale/common/built-in.o
                0x0000000017802f88                check_recovery_mode
 .text.enable_lvds
                0x0000000017802fbc       0x14 board/freescale/mx6sabresd/built-in.o
 .text.enable_rgb
                0x0000000017802fd0       0x24 board/freescale/mx6sabresd/built-in.o
 .text.do_enable_hdmi
                0x0000000017802ff4       0x18 board/freescale/mx6sabresd/built-in.o
 .text.dram_init
                0x000000001780300c       0x18 board/freescale/mx6sabresd/built-in.o
                0x000000001780300c                dram_init
 .text.mmc_get_env_devno
                0x0000000017803024       0x24 board/freescale/mx6sabresd/built-in.o
                0x0000000017803024                mmc_get_env_devno
 .text.board_mmc_getcd
                0x0000000017803048       0x60 board/freescale/mx6sabresd/built-in.o
                0x0000000017803048                board_mmc_getcd
 .text.board_mmc_init
                0x00000000178030a8       0xb8 board/freescale/mx6sabresd/built-in.o
                0x00000000178030a8                board_mmc_init
 .text.check_mmc_autodetect
                0x0000000017803160       0x38 board/freescale/mx6sabresd/built-in.o
                0x0000000017803160                check_mmc_autodetect
 .text.board_late_mmc_env_init
                0x0000000017803198       0x68 board/freescale/mx6sabresd/built-in.o
                0x0000000017803198                board_late_mmc_env_init
 .text.mx6_rgmii_rework
                0x0000000017803200      0x110 board/freescale/mx6sabresd/built-in.o
                0x0000000017803200                mx6_rgmii_rework
 .text.board_phy_config
                0x0000000017803310       0x2c board/freescale/mx6sabresd/built-in.o
                0x0000000017803310                board_phy_config
 .text.overwrite_console
                0x000000001780333c        0x8 board/freescale/mx6sabresd/built-in.o
                0x000000001780333c                overwrite_console
 .text.board_eth_init
                0x0000000017803344      0x104 board/freescale/mx6sabresd/built-in.o
                0x0000000017803344                board_eth_init
 .text.board_ehci_hcd_init
                0x0000000017803448       0x28 board/freescale/mx6sabresd/built-in.o
                0x0000000017803448                board_ehci_hcd_init
 .text.board_ehci_power
                0x0000000017803470       0x4c board/freescale/mx6sabresd/built-in.o
                0x0000000017803470                board_ehci_power
 .text.board_early_init_f
                0x00000000178034bc       0xbc board/freescale/mx6sabresd/built-in.o
                0x00000000178034bc                board_early_init_f
 .text.board_init
                0x0000000017803578       0xa0 board/freescale/mx6sabresd/built-in.o
                0x0000000017803578                board_init
 .text.board_late_init
                0x0000000017803618       0x1c board/freescale/mx6sabresd/built-in.o
                0x0000000017803618                board_late_init
 .text.checkboard
                0x0000000017803634       0x18 board/freescale/mx6sabresd/built-in.o
                0x0000000017803634                checkboard
 .text.board_fastboot_setup
                0x000000001780364c      0x110 board/freescale/mx6sabresd/built-in.o
                0x000000001780364c                board_fastboot_setup
 .text.check_recovery_cmd_file
                0x000000001780375c       0x58 board/freescale/mx6sabresd/built-in.o
                0x000000001780375c                check_recovery_cmd_file
 .text.board_recovery_setup
                0x00000000178037b4       0xd4 board/freescale/mx6sabresd/built-in.o
                0x00000000178037b4                board_recovery_setup
 .text.show_boot_progress
                0x0000000017803888        0x4 common/built-in.o
                0x0000000017803888                show_boot_progress
 .text.main_loop
                0x000000001780388c       0x40 common/built-in.o
                0x000000001780388c                main_loop
 .text.dummy    0x00000000178038cc        0x4 common/built-in.o
 .text.get_version
                0x00000000178038d0        0x8 common/built-in.o
                0x00000000178038d0                get_version
 .text.jumptable_init
                0x00000000178038d8      0x1c0 common/built-in.o
                0x00000000178038d8                jumptable_init
 .text.hash_command
                0x0000000017803a98       0xb4 common/built-in.o
                0x0000000017803a98                hash_command
 .text.b_reset  0x0000000017803b4c       0x1c common/built-in.o
 .text.static_get
                0x0000000017803b68       0x1c common/built-in.o
 .text.static_peek
                0x0000000017803b84        0xc common/built-in.o
 .text.file_peek
                0x0000000017803b90        0xc common/built-in.o
 .text.syntax_err
                0x0000000017803b9c        0xc common/built-in.o
 .text.free_pipe_list
                0x0000000017803ba8       0xf0 common/built-in.o
 .text.xmalloc  0x0000000017803c98       0x20 common/built-in.o
 .text.xrealloc
                0x0000000017803cb8       0x20 common/built-in.o
 .text.done_command
                0x0000000017803cd8       0x88 common/built-in.o
 .text.done_pipe
                0x0000000017803d60       0x60 common/built-in.o
 .text.do_showvar
                0x0000000017803dc0       0xfc common/built-in.o
 .text.file_get
                0x0000000017803ebc      0x1ec common/built-in.o
 .text.b_addchr
                0x00000000178040a8       0x78 common/built-in.o
 .text.b_addqchr
                0x0000000017804120       0x50 common/built-in.o
 .text.done_word
                0x0000000017804170      0x2fc common/built-in.o
 .text.get_local_var
                0x000000001780446c       0xa0 common/built-in.o
                0x000000001780446c                get_local_var
 .text.set_local_var
                0x000000001780450c      0x1bc common/built-in.o
                0x000000001780450c                set_local_var
 .text.insert_var_value_sub
                0x00000000178046c8      0x2c0 common/built-in.o
 .text.parse_string_outer
                0x0000000017804988       0xe4 common/built-in.o
                0x0000000017804988                parse_string_outer
 .text.run_list_real
                0x0000000017804a6c      0x848 common/built-in.o
 .text.parse_stream_outer
                0x00000000178052b4      0x76c common/built-in.o
 .text.parse_file_outer
                0x0000000017805a20       0x44 common/built-in.o
                0x0000000017805a20                parse_file_outer
 .text.u_boot_hush_start
                0x0000000017805a64       0x54 common/built-in.o
                0x0000000017805a64                u_boot_hush_start
 .text.bootdelay_process
                0x0000000017805ab8       0xd0 common/built-in.o
                0x0000000017805ab8                bootdelay_process
 .text.autoboot_command
                0x0000000017805b88      0x10c common/built-in.o
                0x0000000017805b88                autoboot_command
 .text.display_text_info
                0x0000000017805c94        0x8 common/built-in.o
 .text.setup_mon_len
                0x0000000017805c9c       0x20 common/built-in.o
 .text.setup_fdt
                0x0000000017805cbc        0x8 common/built-in.o
 .text.reserve_round_4k
                0x0000000017805cc4       0x18 common/built-in.o
 .text.reserve_mmu
                0x0000000017805cdc       0x38 common/built-in.o
 .text.reserve_trace
                0x0000000017805d14        0x8 common/built-in.o
 .text.reserve_uboot
                0x0000000017805d1c       0x30 common/built-in.o
 .text.reserve_malloc
                0x0000000017805d4c       0x18 common/built-in.o
 .text.setup_machine
                0x0000000017805d64       0x14 common/built-in.o
 .text.reserve_global_data
                0x0000000017805d78       0x1c common/built-in.o
 .text.reserve_fdt
                0x0000000017805d94       0x4c common/built-in.o
 .text.display_new_sp
                0x0000000017805de0        0x8 common/built-in.o
 .text.initf_malloc
                0x0000000017805de8       0x1c common/built-in.o
 .text.reserve_arch
                0x0000000017805e04        0x8 common/built-in.o
                0x0000000017805e04                reserve_arch
 .text.setup_reloc
                0x0000000017805e0c       0x28 common/built-in.o
 .text.reloc_fdt
                0x0000000017805e34       0x30 common/built-in.o
 .text.announce_dram_init
                0x0000000017805e64       0x18 common/built-in.o
 .text.init_func_i2c
                0x0000000017805e7c       0x28 common/built-in.o
 .text.init_baud_rate
                0x0000000017805ea4       0x2c common/built-in.o
 .text.initf_dm
                0x0000000017805ed0        0x8 common/built-in.o
 .text.mark_bootstage
                0x0000000017805ed8       0x14 common/built-in.o
 .text.reserve_board
                0x0000000017805eec       0x38 common/built-in.o
 .text.coloured_LED_init
                0x0000000017805f24        0x4 common/built-in.o
                0x0000000017805f24                coloured_LED_init
 .text.red_led_on
                0x0000000017805f28        0x4 common/built-in.o
                0x0000000017805f28                red_led_on
 .text.board_add_ram_info
                0x0000000017805f2c        0x4 common/built-in.o
                0x0000000017805f2c                board_add_ram_info
 .text.show_dram_config
                0x0000000017805f30       0x4c common/built-in.o
 .text.dram_init_banksize
                0x0000000017805f7c       0x20 common/built-in.o
                0x0000000017805f7c                dram_init_banksize
 .text.setup_dram_config
                0x0000000017805f9c       0x10 common/built-in.o
 .text.board_get_usable_ram_top
                0x0000000017805fac       0x14 common/built-in.o
                0x0000000017805fac                board_get_usable_ram_top
 .text.setup_dest_addr
                0x0000000017805fc0       0x3c common/built-in.o
 .text.reserve_stacks
                0x0000000017805ffc       0x1c common/built-in.o
 .text.board_init_f
                0x0000000017806018       0x28 common/built-in.o
                0x0000000017806018                board_init_f
 .text.bootstage_relocate
                0x0000000017806040        0x8 common/built-in.o
 .text.initr_trace
                0x0000000017806048        0x8 common/built-in.o
 .text.initr_reloc_global_data
                0x0000000017806050       0x28 common/built-in.o
 .text.initr_barrier
                0x0000000017806078        0x8 common/built-in.o
 .text.power_init_board
                0x0000000017806080        0x8 common/built-in.o
                0x0000000017806080                power_init_board
 .text.initr_announce
                0x0000000017806088        0x8 common/built-in.o
 .text.run_main_loop
                0x0000000017806090        0xc common/built-in.o
 .text.initr_check_fastboot
                0x000000001780609c       0x10 common/built-in.o
 .text.initr_net
                0x00000000178060ac       0x20 common/built-in.o
 .text.initr_fastboot_setup
                0x00000000178060cc       0x10 common/built-in.o
 .text.initr_ethaddr
                0x00000000178060dc       0x20 common/built-in.o
 .text.initr_enable_interrupts
                0x00000000178060fc       0x10 common/built-in.o
 .text.initr_jumptable
                0x000000001780610c       0x10 common/built-in.o
 .text.initr_env
                0x000000001780611c       0x30 common/built-in.o
 .text.initr_mmc
                0x000000001780614c       0x20 common/built-in.o
 .text.initr_serial
                0x000000001780616c       0x10 common/built-in.o
 .text.initr_dm
                0x000000001780617c       0x14 common/built-in.o
 .text.initr_malloc
                0x0000000017806190       0x24 common/built-in.o
 .text.initr_caches
                0x00000000178061b4       0x10 common/built-in.o
 .text.initr_reloc
                0x00000000178061c4       0x24 common/built-in.o
 .text.cpu_secondary_init_r
                0x00000000178061e8        0x4 common/built-in.o
                0x00000000178061e8                cpu_secondary_init_r
 .text.initr_secondary_cpu
                0x00000000178061ec       0x10 common/built-in.o
 .text.board_init_r
                0x00000000178061fc       0x14 common/built-in.o
                0x00000000178061fc                board_init_r
 .text.show_board_info
                0x0000000017806210        0x4 common/built-in.o
                0x0000000017806210                show_board_info
 .text.do_go_exec
                0x0000000017806214       0x10 common/built-in.o
                0x0000000017806214                do_go_exec
 .text.do_go    0x0000000017806224       0x6c common/built-in.o
 .text.do_bootm
                0x0000000017806290      0x118 common/built-in.o
                0x0000000017806290                do_bootm
 .text.do_bootd
                0x00000000178063a8       0x20 common/built-in.o
                0x00000000178063a8                do_bootd
 .text.image_info
                0x00000000178063c8       0xcc common/built-in.o
 .text.do_iminfo
                0x0000000017806494       0x60 common/built-in.o
 .text.do_booti
                0x00000000178064f4      0x154 common/built-in.o
                0x00000000178064f4                do_booti
 .text.bootm_maybe_autostart
                0x0000000017806648       0x78 common/built-in.o
                0x0000000017806648                bootm_maybe_autostart
 .text.do_bootz
                0x00000000178066c0       0xf8 common/built-in.o
                0x00000000178066c0                do_bootz
 .text.bootm_find_ramdisk_fdt
                0x00000000178067b8       0xa8 common/built-in.o
                0x00000000178067b8                bootm_find_ramdisk_fdt
 .text.bootm_decomp_image
                0x0000000017806860      0x150 common/built-in.o
                0x0000000017806860                bootm_decomp_image
 .text.bootm_disable_interrupts
                0x00000000178069b0       0x18 common/built-in.o
                0x00000000178069b0                bootm_disable_interrupts
 .text.do_bootm_states
                0x00000000178069c8      0x7d0 common/built-in.o
                0x00000000178069c8                do_bootm_states
 .text.do_bootm_rtems
                0x0000000017807198       0x40 common/built-in.o
 .text.do_bootm_plan9
                0x00000000178071d8       0xd0 common/built-in.o
 .text.do_bootm_standalone
                0x00000000178072a8       0x64 common/built-in.o
 .text.do_bootm_netbsd
                0x000000001780730c      0x130 common/built-in.o
 .text.do_bootvx_fdt
                0x000000001780743c      0x10c common/built-in.o
                0x000000001780743c                do_bootvx_fdt
 .text.do_bootm_vxworks
                0x0000000017807548       0x24 common/built-in.o
 .text.boot_selected_os
                0x000000001780756c       0x58 common/built-in.o
                0x000000001780756c                boot_selected_os
 .text.bootm_os_get_boot_func
                0x00000000178075c4       0x10 common/built-in.o
                0x00000000178075c4                bootm_os_get_boot_func
 .text.do_help  0x00000000178075d4       0x48 common/built-in.o
 .text.do_version
                0x000000001780761c       0x38 common/built-in.o
 .text.env_attr_walk
                0x0000000017807654      0x114 common/built-in.o
                0x0000000017807654                env_attr_walk
 .text.env_attr_lookup
                0x0000000017807768      0x18c common/built-in.o
                0x0000000017807768                env_attr_lookup
 .text.clear_callback
                0x00000000178078f4       0x10 common/built-in.o
 .text.on_callbacks
                0x0000000017807904       0x48 common/built-in.o
 .text.set_callback
                0x000000001780794c       0xd0 common/built-in.o
 .text.env_callback_init
                0x0000000017807a1c       0xfc common/built-in.o
                0x0000000017807a1c                env_callback_init
 .text.clear_flags
                0x0000000017807b18       0x10 common/built-in.o
 .text.on_flags
                0x0000000017807b28       0x48 common/built-in.o
 .text.env_flags_parse_vartype
                0x0000000017807b70       0x50 common/built-in.o
                0x0000000017807b70                env_flags_parse_vartype
 .text.env_flags_parse_varaccess
                0x0000000017807bc0       0x58 common/built-in.o
                0x0000000017807bc0                env_flags_parse_varaccess
 .text.set_flags
                0x0000000017807c18       0xb4 common/built-in.o
 .text.env_flags_init
                0x0000000017807ccc       0xd8 common/built-in.o
                0x0000000017807ccc                env_flags_init
 .text.env_flags_validate
                0x0000000017807da4      0x35c common/built-in.o
                0x0000000017807da4                env_flags_validate
 .text.mmc_get_env_addr
                0x0000000017808100       0x10 common/built-in.o
                0x0000000017808100                mmc_get_env_addr
 .text.env_init
                0x0000000017808110       0x1c common/built-in.o
                0x0000000017808110                env_init
 .text.mmc_get_env_part
                0x000000001780812c        0x8 common/built-in.o
                0x000000001780812c                mmc_get_env_part
 .text.init_mmc_for_env
                0x0000000017808134       0x78 common/built-in.o
 .text.saveenv  0x00000000178081ac      0x128 common/built-in.o
                0x00000000178081ac                saveenv
 .text.env_relocate_spec
                0x00000000178082d4       0xfc common/built-in.o
                0x00000000178082d4                env_relocate_spec
 .text.source   0x00000000178083d0       0xd8 common/built-in.o
                0x00000000178083d0                source
 .text.do_source
                0x00000000178084a8       0x44 common/built-in.o
 .text.do_bdinfo
                0x00000000178084ec      0x1d0 common/built-in.o
 .text.do_bmp   0x00000000178086bc       0x54 common/built-in.o
 .text.do_bmp_info
                0x0000000017808710       0xfc common/built-in.o
 .text.bmp_display
                0x000000001780880c       0x38 common/built-in.o
                0x000000001780880c                bmp_display
 .text.do_bmp_display
                0x0000000017808844       0xbc common/built-in.o
 .text.bootmenu_print_entry
                0x0000000017808900       0x74 common/built-in.o
 .text.bootmenu_destroy
                0x0000000017808974       0x44 common/built-in.o
 .text.bootmenu_choice_entry
                0x00000000178089b8      0x200 common/built-in.o
 .text.do_bootmenu
                0x0000000017808bb8      0x3dc common/built-in.o
                0x0000000017808bb8                do_bootmenu
 .text.menu_display_statusline
                0x0000000017808f94       0xe8 common/built-in.o
                0x0000000017808f94                menu_display_statusline
 .text.parse_argv
                0x000000001780907c       0x64 common/built-in.o
 .text.do_icache
                0x00000000178090e0       0x88 common/built-in.o
 .text.do_dcache
                0x0000000017809168       0x88 common/built-in.o
 .text.do_coninfo
                0x00000000178091f0       0xbc common/built-in.o
 .text.do_echo  0x00000000178092ac       0xb0 common/built-in.o
 .text.do_exit  0x000000001780935c       0x30 common/built-in.o
 .text.do_ext4_size
                0x000000001780938c       0x18 common/built-in.o
                0x000000001780938c                do_ext4_size
 .text.do_ext4_load
                0x00000000178093a4       0x18 common/built-in.o
                0x00000000178093a4                do_ext4_load
 .text.do_ext4_ls
                0x00000000178093bc       0x18 common/built-in.o
                0x00000000178093bc                do_ext4_ls
 .text.do_ext4_write
                0x00000000178093d4       0x18 common/built-in.o
                0x00000000178093d4                do_ext4_write
 .text.do_ext2load
                0x00000000178093ec       0x18 common/built-in.o
                0x00000000178093ec                do_ext2load
 .text.do_ext2ls
                0x0000000017809404       0x18 common/built-in.o
 .text.do_fat_size
                0x000000001780941c       0x18 common/built-in.o
                0x000000001780941c                do_fat_size
 .text.do_fat_fsload
                0x0000000017809434       0x18 common/built-in.o
                0x0000000017809434                do_fat_fsload
 .text.do_fat_ls
                0x000000001780944c       0x18 common/built-in.o
 .text.do_fat_fsinfo
                0x0000000017809464       0x90 common/built-in.o
 .text.do_fat_fswrite
                0x00000000178094f4      0x10c common/built-in.o
 .text.do_fat_fscp
                0x0000000017809600      0x1e4 common/built-in.o
 .text.fdt_valid
                0x00000000178097e4       0xbc common/built-in.o
 .text.is_printable_string.part.1
                0x00000000178098a0       0x78 common/built-in.o
 .text.print_data
                0x0000000017809918      0x18c common/built-in.o
 .text.set_working_fdt_addr
                0x0000000017809aa4       0x1c common/built-in.o
                0x0000000017809aa4                set_working_fdt_addr
 .text.do_fdt   0x0000000017809ac0      0xec8 common/built-in.o
 .text.fdt_find_and_setprop
                0x000000001780a988       0x70 common/built-in.o
                0x000000001780a988                fdt_find_and_setprop
 .text.fdt_find_or_add_subnode
                0x000000001780a9f8       0x68 common/built-in.o
                0x000000001780a9f8                fdt_find_or_add_subnode
 .text.fdt_initrd
                0x000000001780aa60      0x1d0 common/built-in.o
                0x000000001780aa60                fdt_initrd
 .text.fdt_chosen
                0x000000001780ac30       0xa8 common/built-in.o
                0x000000001780ac30                fdt_chosen
 .text.do_fixup_by_path
                0x000000001780acd8       0x54 common/built-in.o
                0x000000001780acd8                do_fixup_by_path
 .text.fdt_fixup_memory_banks
                0x000000001780ad2c      0x1d4 common/built-in.o
                0x000000001780ad2c                fdt_fixup_memory_banks
 .text.fdt_fixup_memory
                0x000000001780af00       0x20 common/built-in.o
                0x000000001780af00                fdt_fixup_memory
 .text.fdt_fixup_ethernet
                0x000000001780af20      0x158 common/built-in.o
                0x000000001780af20                fdt_fixup_ethernet
 .text.fdt_shrink_to_minimum
                0x000000001780b078       0xcc common/built-in.o
                0x000000001780b078                fdt_shrink_to_minimum
 .text.do_flinfo
                0x000000001780b144        0x8 common/built-in.o
 .text.do_flerase
                0x000000001780b14c        0x8 common/built-in.o
 .text.do_protect
                0x000000001780b154       0x10 common/built-in.o
 .text.strtou32
                0x000000001780b164       0x48 common/built-in.o
 .text.do_fuse  0x000000001780b1ac      0x360 common/built-in.o
 .text.do_i2c   0x000000001780b50c       0x64 common/built-in.o
 .text.do_i2c_reset
                0x000000001780b570       0x30 common/built-in.o
 .text.do_i2c_probe
                0x000000001780b5a0       0x9c common/built-in.o
 .text.do_i2c_bus_num
                0x000000001780b63c       0xb8 common/built-in.o
 .text.do_i2c_bus_speed
                0x000000001780b6f4       0x74 common/built-in.o
 .text.do_i2c_show_bus
                0x000000001780b768       0xd8 common/built-in.o
 .text.get_alen.constprop.5
                0x000000001780b840       0x3c common/built-in.o
 .text.do_i2c_crc
                0x000000001780b87c      0x124 common/built-in.o
 .text.do_i2c_read
                0x000000001780b9a0       0xbc common/built-in.o
 .text.do_i2c_md
                0x000000001780ba5c      0x1e8 common/built-in.o
 .text.do_i2c_mw
                0x000000001780bc44      0x100 common/built-in.o
 .text.do_i2c_write
                0x000000001780bd44      0x14c common/built-in.o
 .text.mod_i2c_mem.isra.4
                0x000000001780be90      0x208 common/built-in.o
 .text.do_i2c_nm
                0x000000001780c098        0x8 common/built-in.o
 .text.do_i2c_mm
                0x000000001780c0a0        0x8 common/built-in.o
 .text.do_i2c_loop
                0x000000001780c0a8       0xe4 common/built-in.o
 .text.i2c_init_board
                0x000000001780c18c        0x4 common/built-in.o
                0x000000001780c18c                i2c_init_board
 .text.evalexp  0x000000001780c190       0x74 common/built-in.o
 .text.evalstr  0x000000001780c204       0x6c common/built-in.o
 .text.binary_test
                0x000000001780c270      0x1b0 common/built-in.o
 .text.do_itest
                0x000000001780c420       0x98 common/built-in.o
 .text.bin_data_init
                0x000000001780c4b8       0x2c common/built-in.o
 .text.getcxmodem
                0x000000001780c4e4       0x20 common/built-in.o
 .text.load_serial_ymodem
                0x000000001780c504       0xcc common/built-in.o
 .text.bin_data_char
                0x000000001780c5d0       0x2c common/built-in.o
 .text.chk1.constprop.1
                0x000000001780c5fc       0x2c common/built-in.o
 .text.s1_sendpacket.constprop.2
                0x000000001780c628       0x50 common/built-in.o
 .text.load_serial
                0x000000001780c678      0x1e0 common/built-in.o
 .text.do_load_serial
                0x000000001780c858       0xd4 common/built-in.o
 .text.do_load_serial_bin
                0x000000001780c92c      0x874 common/built-in.o
 .text.do_mem_mw
                0x000000001780d1a0       0xc0 common/built-in.o
 .text.do_mem_loop
                0x000000001780d260       0xec common/built-in.o
 .text.do_mem_md
                0x000000001780d34c       0xec common/built-in.o
 .text.do_mem_cmp
                0x000000001780d438      0x16c common/built-in.o
 .text.do_mem_base
                0x000000001780d5a4       0x40 common/built-in.o
 .text.do_mem_cp
                0x000000001780d5e4       0xd8 common/built-in.o
 .text.do_mem_crc
                0x000000001780d6bc       0x48 common/built-in.o
 .text.do_mem_mtest
                0x000000001780d704      0x204 common/built-in.o
 .text.mod_mem.isra.2
                0x000000001780d908      0x164 common/built-in.o
 .text.do_mem_mm
                0x000000001780da6c        0x8 common/built-in.o
 .text.do_mem_nm
                0x000000001780da74        0x8 common/built-in.o
 .text.miiphy_get_dev_by_name
                0x000000001780da7c       0x60 common/built-in.o
                0x000000001780da7c                miiphy_get_dev_by_name
 .text.miiphy_init
                0x000000001780dadc       0x24 common/built-in.o
                0x000000001780dadc                miiphy_init
 .text.mdio_alloc
                0x000000001780db00       0x30 common/built-in.o
                0x000000001780db00                mdio_alloc
 .text.mdio_register
                0x000000001780db30       0xa0 common/built-in.o
                0x000000001780db30                mdio_register
 .text.mdio_list_devices
                0x000000001780dbd0       0x98 common/built-in.o
                0x000000001780dbd0                mdio_list_devices
 .text.miiphy_set_current_dev
                0x000000001780dc68       0x40 common/built-in.o
                0x000000001780dc68                miiphy_set_current_dev
 .text.miiphy_get_active_dev
                0x000000001780dca8       0x54 common/built-in.o
 .text.mdio_get_current_dev
                0x000000001780dcfc       0x10 common/built-in.o
                0x000000001780dcfc                mdio_get_current_dev
 .text.mdio_phydev_for_ethname
                0x000000001780dd0c       0x88 common/built-in.o
                0x000000001780dd0c                mdio_phydev_for_ethname
 .text.miiphy_get_current_dev
                0x000000001780dd94       0x18 common/built-in.o
                0x000000001780dd94                miiphy_get_current_dev
 .text.miiphy_read
                0x000000001780ddac       0x4c common/built-in.o
                0x000000001780ddac                miiphy_read
 .text.miiphy_write
                0x000000001780ddf8       0x40 common/built-in.o
                0x000000001780ddf8                miiphy_write
 .text.miiphy_listdev
                0x000000001780de38       0x74 common/built-in.o
                0x000000001780de38                miiphy_listdev
 .text.miiphy_info
                0x000000001780deac       0x88 common/built-in.o
                0x000000001780deac                miiphy_info
 .text.miiphy_speed
                0x000000001780df34       0x94 common/built-in.o
                0x000000001780df34                miiphy_speed
 .text.miiphy_duplex
                0x000000001780dfc8       0x94 common/built-in.o
                0x000000001780dfc8                miiphy_duplex
 .text.miiphy_is_1000base_x
                0x000000001780e05c        0x8 common/built-in.o
                0x000000001780e05c                miiphy_is_1000base_x
 .text.extract_range
                0x000000001780e064       0xe4 common/built-in.o
 .text.do_mii   0x000000001780e148      0x7a4 common/built-in.o
 .text.do_mdio  0x000000001780e8ec      0x4b8 common/built-in.o
 .text.do_sleep
                0x000000001780eda4       0x70 common/built-in.o
 .text.do_mmcops
                0x000000001780ee14       0xb4 common/built-in.o
 .text.init_mmc_device
                0x000000001780eec8       0x54 common/built-in.o
 .text.do_mmc_rescan
                0x000000001780ef1c       0x24 common/built-in.o
 .text.do_mmc_rst_func
                0x000000001780ef40       0xa0 common/built-in.o
 .text.do_mmc_partconf
                0x000000001780efe0       0xb4 common/built-in.o
 .text.do_mmc_boot_resize
                0x000000001780f094       0xcc common/built-in.o
 .text.do_mmc_bootbus
                0x000000001780f160       0xb4 common/built-in.o
 .text.do_mmc_hwpartition
                0x000000001780f214      0x51c common/built-in.o
 .text.do_mmc_list
                0x000000001780f730       0x14 common/built-in.o
 .text.do_mmc_dev
                0x000000001780f744      0x134 common/built-in.o
 .text.do_mmc_part
                0x000000001780f878       0x5c common/built-in.o
 .text.do_mmc_erase
                0x000000001780f8d4       0xe8 common/built-in.o
 .text.do_mmc_write
                0x000000001780f9bc      0x100 common/built-in.o
 .text.do_mmc_read
                0x000000001780fabc       0xec common/built-in.o
 .text.do_mmcinfo
                0x000000001780fba8      0x370 common/built-in.o
 .text.do_mmc_setdsr
                0x000000001780ff18       0xb0 common/built-in.o
 .text.cpu_cmd  0x000000001780ffc8      0x110 common/built-in.o
 .text.netboot_common
                0x00000000178100d8      0x294 common/built-in.o
 .text.do_bootp
                0x000000001781036c        0xc common/built-in.o
 .text.do_dhcp  0x0000000017810378        0xc common/built-in.o
 .text.do_nfs   0x0000000017810384        0xc common/built-in.o
 .text.do_tftpb
                0x0000000017810390       0x40 common/built-in.o
                0x0000000017810390                do_tftpb
 .text.do_ping  0x00000000178103d0       0x7c common/built-in.o
 .text.do_setexpr
                0x000000001781044c      0x1b8 common/built-in.o
 .text.do_false
                0x0000000017810604        0x8 common/built-in.o
 .text.do_true  0x000000001781060c        0x8 common/built-in.o
 .text.do_test  0x0000000017810614      0x33c common/built-in.o
 .text.usb_get_class_desc
                0x0000000017810950       0xbc common/built-in.o
 .text.usb_display_class_sub
                0x0000000017810a0c      0x170 common/built-in.o
 .text.usb_show_tree_graph
                0x0000000017810b7c      0x21c common/built-in.o
 .text.usb_display_string
                0x0000000017810d98       0x44 common/built-in.o
 .text.usb_display_config
                0x0000000017810ddc      0x20c common/built-in.o
 .text.do_usbboot
                0x0000000017810fe8        0xc common/built-in.o
 .text.do_usb_start
                0x0000000017810ff4       0x44 common/built-in.o
 .text.usb_display_desc.part.3
                0x0000000017811038      0x12c common/built-in.o
 .text.do_usb   0x0000000017811164      0x7cc common/built-in.o
 .text.usb_set_maxpacket_ep
                0x0000000017811930       0x70 common/built-in.o
 .text.usb_stop
                0x00000000178119a0       0x80 common/built-in.o
                0x00000000178119a0                usb_stop
 .text.usb_disable_asynch
                0x0000000017811a20       0x20 common/built-in.o
                0x0000000017811a20                usb_disable_asynch
 .text.usb_control_msg
                0x0000000017811a40       0xc4 common/built-in.o
                0x0000000017811a40                usb_control_msg
 .text.usb_get_descriptor
                0x0000000017811b04       0x50 common/built-in.o
 .text.usb_get_string
                0x0000000017811b54       0x6c common/built-in.o
 .text.usb_string_sub
                0x0000000017811bc0      0x108 common/built-in.o
 .text.usb_bulk_msg
                0x0000000017811cc8       0x74 common/built-in.o
                0x0000000017811cc8                usb_bulk_msg
 .text.usb_maxpacket
                0x0000000017811d3c       0x1c common/built-in.o
                0x0000000017811d3c                usb_maxpacket
 .text.usb_clear_halt
                0x0000000017811d58       0x8c common/built-in.o
                0x0000000017811d58                usb_clear_halt
 .text.usb_get_configuration_no
                0x0000000017811de4       0xbc common/built-in.o
                0x0000000017811de4                usb_get_configuration_no
 .text.usb_set_interface
                0x0000000017811ea0       0xa8 common/built-in.o
                0x0000000017811ea0                usb_set_interface
 .text.usb_string
                0x0000000017811f48      0x100 common/built-in.o
                0x0000000017811f48                usb_string
 .text.usb_get_dev_index
                0x0000000017812048       0x24 common/built-in.o
                0x0000000017812048                usb_get_dev_index
 .text.usb_alloc_new_device
                0x000000001781206c       0x94 common/built-in.o
                0x000000001781206c                usb_alloc_new_device
 .text.usb_free_device
                0x0000000017812100       0x48 common/built-in.o
                0x0000000017812100                usb_free_device
 .text.usb_alloc_device
                0x0000000017812148        0x8 common/built-in.o
                0x0000000017812148                usb_alloc_device
 .text.usb_new_device
                0x0000000017812150      0x5c8 common/built-in.o
                0x0000000017812150                usb_new_device
 .text.usb_init
                0x0000000017812718      0x154 common/built-in.o
                0x0000000017812718                usb_init
 .text.board_usb_init
                0x000000001781286c        0x8 common/built-in.o
                0x000000001781286c                board_usb_init
 .text.usb_get_port_status
                0x0000000017812874       0x4c common/built-in.o
 .text.usb_clear_port_feature
                0x00000000178128c0       0x4c common/built-in.o
 .text.usb_hub_power_on
                0x000000001781290c       0x7c common/built-in.o
 .text.usb_hub_reset_devices
                0x0000000017812988        0x4 common/built-in.o
                0x0000000017812988                usb_hub_reset_devices
 .text.usb_hub_reset
                0x000000001781298c       0x14 common/built-in.o
                0x000000001781298c                usb_hub_reset
 .text.hub_port_reset
                0x00000000178129a0       0xd0 common/built-in.o
                0x00000000178129a0                hub_port_reset
 .text.usb_hub_port_connect_change
                0x0000000017812a70      0x120 common/built-in.o
                0x0000000017812a70                usb_hub_port_connect_change
 .text.usb_hub_configure
                0x0000000017812b90      0x34c common/built-in.o
 .text.usb_hub_probe
                0x0000000017812edc       0x58 common/built-in.o
                0x0000000017812edc                usb_hub_probe
 .text.usb_stor_irq
                0x0000000017812f34       0x1c common/built-in.o
 .text.usb_stor_BBB_reset
                0x0000000017812f50       0xd0 common/built-in.o
 .text.usb_stor_CB_reset
                0x0000000017813020       0xcc common/built-in.o
 .text.usb_stor_CB_comdat
                0x00000000178130ec      0x208 common/built-in.o
 .text.usb_stor_CBI_get_status.isra.4
                0x00000000178132f4       0xc8 common/built-in.o
 .text.usb_stor_CB_transport
                0x00000000178133bc      0x228 common/built-in.o
 .text.usb_request_sense.constprop.10
                0x00000000178135e4       0x70 common/built-in.o
 .text.usb_stor_write
                0x0000000017813654      0x1cc common/built-in.o
                0x0000000017813654                usb_stor_write
 .text.usb_stor_read
                0x0000000017813820      0x1cc common/built-in.o
                0x0000000017813820                usb_stor_read
 .text.usb_stor_BBB_transport
                0x00000000178139ec      0x2cc common/built-in.o
 .text.usb_stor_get_dev
                0x0000000017813cb8       0x28 common/built-in.o
                0x0000000017813cb8                usb_stor_get_dev
 .text.usb_stor_info
                0x0000000017813ce0       0x74 common/built-in.o
                0x0000000017813ce0                usb_stor_info
 .text.usb_storage_probe
                0x0000000017813d54      0x208 common/built-in.o
                0x0000000017813d54                usb_storage_probe
 .text.usb_stor_get_info
                0x0000000017813f5c      0x324 common/built-in.o
                0x0000000017813f5c                usb_stor_get_info
 .text.usb_stor_scan
                0x0000000017814280      0x1f4 common/built-in.o
                0x0000000017814280                usb_stor_scan
 .text.do_fastboot
                0x0000000017814474       0x70 common/built-in.o
 .text.write_sparse_image
                0x00000000178144e4      0x390 common/built-in.o
                0x00000000178144e4                write_sparse_image
 .text.ums_read_sector
                0x0000000017814874       0x24 common/built-in.o
 .text.ums_write_sector
                0x0000000017814898       0x24 common/built-in.o
 .text.ums_init
                0x00000000178148bc       0x60 common/built-in.o
                0x00000000178148bc                ums_init
 .text.do_usb_mass_storage
                0x000000001781491c      0x18c common/built-in.o
                0x000000001781491c                do_usb_mass_storage
 .text.do_imgextract
                0x0000000017814aa8      0x28c common/built-in.o
 .text.splash_get_pos
                0x0000000017814d34       0x84 common/built-in.o
                0x0000000017814d34                splash_get_pos
 .text.menu_default_choice
                0x0000000017814db8       0x1c common/built-in.o
                0x0000000017814db8                menu_default_choice
 .text.menu_default_set
                0x0000000017814dd4       0x88 common/built-in.o
                0x0000000017814dd4                menu_default_set
 .text.menu_get_choice
                0x0000000017814e5c      0x1e0 common/built-in.o
                0x0000000017814e5c                menu_get_choice
 .text.menu_item_add
                0x000000001781503c       0xd8 common/built-in.o
                0x000000001781503c                menu_item_add
 .text.menu_create
                0x0000000017815114       0x90 common/built-in.o
                0x0000000017815114                menu_create
 .text.menu_destroy
                0x00000000178151a4       0x74 common/built-in.o
                0x00000000178151a4                menu_destroy
 .text.do_env_delete
                0x0000000017815218       0x9c common/built-in.o
 .text.do_env_exists
                0x00000000178152b4       0x6c common/built-in.o
 .text.do_env_save
                0x0000000017815320       0x2c common/built-in.o
 .text.do_env   0x000000001781534c       0x64 common/built-in.o
 .text.env_print
                0x00000000178153b0       0xc8 common/built-in.o
 .text.do_env_print
                0x0000000017815478       0xc4 common/built-in.o
 .text.do_env_import
                0x000000001781553c      0x28c common/built-in.o
 .text.do_env_default
                0x00000000178157c8       0xa8 common/built-in.o
 .text._do_env_set.isra.1
                0x0000000017815870      0x1c4 common/built-in.o
 .text.do_env_set
                0x0000000017815a34       0x1c common/built-in.o
 .text.get_env_id
                0x0000000017815a50       0x10 common/built-in.o
                0x0000000017815a50                get_env_id
 .text.setenv   0x0000000017815a60       0x58 common/built-in.o
                0x0000000017815a60                setenv
 .text.setenv_ulong
                0x0000000017815ab8       0x20 common/built-in.o
                0x0000000017815ab8                setenv_ulong
 .text.setenv_hex
                0x0000000017815ad8       0x34 common/built-in.o
                0x0000000017815ad8                setenv_hex
 .text.do_env_export
                0x0000000017815b0c      0x260 common/built-in.o
 .text.envmatch
                0x0000000017815d6c       0x6c common/built-in.o
                0x0000000017815d6c                envmatch
 .text.getenv_f
                0x0000000017815dd8       0xc0 common/built-in.o
                0x0000000017815dd8                getenv_f
 .text.getenv   0x0000000017815e98       0x80 common/built-in.o
                0x0000000017815e98                getenv
 .text.getenv_hex
                0x0000000017815f18       0x3c common/built-in.o
                0x0000000017815f18                getenv_hex
 .text.getenv_ulong
                0x0000000017815f54       0x30 common/built-in.o
                0x0000000017815f54                getenv_ulong
 .text.do_env_edit
                0x0000000017815f84       0x7c common/built-in.o
 .text.env_get_char_spec
                0x0000000017816000        0xc common/built-in.o
                0x0000000017816000                env_get_char_spec
 .text.env_get_addr
                0x000000001781600c       0x20 common/built-in.o
                0x000000001781600c                env_get_addr
 .text.env_get_char_memory
                0x000000001781602c       0x10 common/built-in.o
                0x000000001781602c                env_get_char_memory
 .text.env_get_char
                0x000000001781603c       0x30 common/built-in.o
                0x000000001781603c                env_get_char
 .text.getenv_yesno
                0x000000001781606c       0x40 common/built-in.o
                0x000000001781606c                getenv_yesno
 .text.getenv_default
                0x00000000178160ac       0x30 common/built-in.o
                0x00000000178160ac                getenv_default
 .text.set_default_env
                0x00000000178160dc       0xc0 common/built-in.o
                0x00000000178160dc                set_default_env
 .text.set_default_vars
                0x000000001781619c       0x3c common/built-in.o
                0x000000001781619c                set_default_vars
 .text.env_import
                0x00000000178161d8       0xe0 common/built-in.o
                0x00000000178161d8                env_import
 .text.env_export
                0x00000000178162b8       0xa0 common/built-in.o
                0x00000000178162b8                env_export
 .text.env_relocate
                0x0000000017816358       0x30 common/built-in.o
                0x0000000017816358                env_relocate
 .text.env_complete
                0x0000000017816388       0xdc common/built-in.o
                0x0000000017816388                env_complete
 .text.console_setfile
                0x0000000017816464       0xc0 common/built-in.o
 .text.serial_printf
                0x0000000017816524       0x50 common/built-in.o
                0x0000000017816524                serial_printf
 .text.puts     0x0000000017816574       0x34 common/built-in.o
                0x0000000017816574                puts
 .text.printf   0x00000000178165a8       0x5c common/built-in.o
                0x00000000178165a8                printf
 .text.putc     0x0000000017816604       0x34 common/built-in.o
                0x0000000017816604                putc
 .text.fgetc    0x0000000017816638       0x24 common/built-in.o
                0x0000000017816638                fgetc
 .text.getc     0x000000001781665c       0x24 common/built-in.o
                0x000000001781665c                getc
 .text.ftstc    0x0000000017816680       0x24 common/built-in.o
                0x0000000017816680                ftstc
 .text.tstc     0x00000000178166a4       0x24 common/built-in.o
                0x00000000178166a4                tstc
 .text.vprintf  0x00000000178166c8       0x3c common/built-in.o
                0x00000000178166c8                vprintf
 .text.ctrlc    0x0000000017816704       0x58 common/built-in.o
                0x0000000017816704                ctrlc
 .text.confirm_yesno
                0x000000001781675c       0xd4 common/built-in.o
                0x000000001781675c                confirm_yesno
 .text.had_ctrlc
                0x0000000017816830       0x10 common/built-in.o
                0x0000000017816830                had_ctrlc
 .text.clear_ctrlc
                0x0000000017816840       0x14 common/built-in.o
                0x0000000017816840                clear_ctrlc
 .text.search_device
                0x0000000017816854       0x28 common/built-in.o
                0x0000000017816854                search_device
 .text.console_assign
                0x000000001781687c       0x48 common/built-in.o
                0x000000001781687c                console_assign
 .text.on_console
                0x00000000178168c4       0xc0 common/built-in.o
 .text.console_init_f
                0x0000000017816984       0x10 common/built-in.o
                0x0000000017816984                console_init_f
 .text.stdio_print_current_devices
                0x0000000017816994       0xb0 common/built-in.o
                0x0000000017816994                stdio_print_current_devices
 .text.console_init_r
                0x0000000017816a44      0x194 common/built-in.o
                0x0000000017816a44                console_init_r
 .text.sbrk     0x0000000017816bd8       0x70 common/built-in.o
                0x0000000017816bd8                sbrk
 .text.mem_malloc_init
                0x0000000017816c48       0x34 common/built-in.o
                0x0000000017816c48                mem_malloc_init
 .text.malloc_trim
                0x0000000017816c7c       0xcc common/built-in.o
                0x0000000017816c7c                malloc_trim
 .text.free     0x0000000017816d48      0x248 common/built-in.o
                0x0000000017816d48                free
 .text.malloc   0x0000000017816f90      0x62c common/built-in.o
                0x0000000017816f90                malloc
 .text.calloc   0x00000000178175bc      0x148 common/built-in.o
                0x00000000178175bc                calloc
 .text.realloc  0x0000000017817704      0x4d8 common/built-in.o
                0x0000000017817704                realloc
 .text.memalign
                0x0000000017817bdc      0x10c common/built-in.o
                0x0000000017817bdc                memalign
 .text.malloc_simple
                0x0000000017817ce8       0x30 common/built-in.o
                0x0000000017817ce8                malloc_simple
 .text.on_loadaddr
                0x0000000017817d18       0x38 common/built-in.o
 .text.image_check_hcrc
                0x0000000017817d50       0x4c common/built-in.o
                0x0000000017817d50                image_check_hcrc
 .text.image_check_dcrc
                0x0000000017817d9c       0x38 common/built-in.o
                0x0000000017817d9c                image_check_dcrc
 .text.image_multi_count
                0x0000000017817dd4       0x1c common/built-in.o
                0x0000000017817dd4                image_multi_count
 .text.image_multi_getimg
                0x0000000017817df0       0x80 common/built-in.o
                0x0000000017817df0                image_multi_getimg
 .text.getenv_bootm_low
                0x0000000017817e70       0x30 common/built-in.o
                0x0000000017817e70                getenv_bootm_low
 .text.getenv_bootm_size
                0x0000000017817ea0       0x5c common/built-in.o
                0x0000000017817ea0                getenv_bootm_size
 .text.getenv_bootm_mapsize
                0x0000000017817efc       0x30 common/built-in.o
                0x0000000017817efc                getenv_bootm_mapsize
 .text.memmove_wd
                0x0000000017817f2c        0xc common/built-in.o
                0x0000000017817f2c                memmove_wd
 .text.genimg_print_size
                0x0000000017817f38       0x30 common/built-in.o
                0x0000000017817f38                genimg_print_size
 .text.get_table_entry_name
                0x0000000017817f68       0x2c common/built-in.o
                0x0000000017817f68                get_table_entry_name
 .text.genimg_get_os_name
                0x0000000017817f94       0x18 common/built-in.o
                0x0000000017817f94                genimg_get_os_name
 .text.genimg_get_arch_name
                0x0000000017817fac       0x18 common/built-in.o
                0x0000000017817fac                genimg_get_arch_name
 .text.genimg_get_type_name
                0x0000000017817fc4       0x18 common/built-in.o
                0x0000000017817fc4                genimg_get_type_name
 .text.genimg_get_comp_name
                0x0000000017817fdc       0x18 common/built-in.o
                0x0000000017817fdc                genimg_get_comp_name
 .text.image_print_contents
                0x0000000017817ff4      0x174 common/built-in.o
                0x0000000017817ff4                image_print_contents
 .text.genimg_get_kernel_addr_fit
                0x0000000017818168       0x24 common/built-in.o
                0x0000000017818168                genimg_get_kernel_addr_fit
 .text.genimg_get_format
                0x000000001781818c       0x50 common/built-in.o
                0x000000001781818c                genimg_get_format
 .text.genimg_get_image
                0x00000000178181dc        0x4 common/built-in.o
                0x00000000178181dc                genimg_get_image
 .text.genimg_has_config
                0x00000000178181e0        0x8 common/built-in.o
                0x00000000178181e0                genimg_has_config
 .text.boot_get_ramdisk
                0x00000000178181e8      0x298 common/built-in.o
                0x00000000178181e8                boot_get_ramdisk
 .text.boot_ramdisk_high
                0x0000000017818480      0x13c common/built-in.o
                0x0000000017818480                boot_ramdisk_high
 .text.boot_get_setup
                0x00000000178185bc        0x8 common/built-in.o
                0x00000000178185bc                boot_get_setup
 .text.image_setup_linux
                0x00000000178185c4       0x8c common/built-in.o
                0x00000000178185c4                image_setup_linux
 .text.android_image_get_kernel
                0x0000000017818650      0x16c common/built-in.o
                0x0000000017818650                android_image_get_kernel
 .text.android_image_check_header
                0x00000000178187bc       0x14 common/built-in.o
                0x00000000178187bc                android_image_check_header
 .text.android_image_get_end
                0x00000000178187d0       0x4c common/built-in.o
                0x00000000178187d0                android_image_get_end
 .text.android_image_get_kload
                0x000000001781881c        0x8 common/built-in.o
                0x000000001781881c                android_image_get_kload
 .text.android_image_get_ramdisk
                0x0000000017818824       0x74 common/built-in.o
                0x0000000017818824                android_image_get_ramdisk
 .text.android_image_get_fdt
                0x0000000017818898       0x88 common/built-in.o
                0x0000000017818898                android_image_get_fdt
 .text.fdt_error
                0x0000000017818920       0x2c common/built-in.o
 .text.boot_fdt_add_mem_rsv_regions
                0x000000001781894c       0x88 common/built-in.o
                0x000000001781894c                boot_fdt_add_mem_rsv_regions
 .text.boot_relocate_fdt
                0x00000000178189d4      0x194 common/built-in.o
                0x00000000178189d4                boot_relocate_fdt
 .text.boot_get_fdt
                0x0000000017818b68      0x2cc common/built-in.o
                0x0000000017818b68                boot_get_fdt
 .text.ft_verify_fdt
                0x0000000017818e34        0x8 common/built-in.o
                0x0000000017818e34                ft_verify_fdt
 .text.image_setup_libfdt
                0x0000000017818e3c       0xe8 common/built-in.o
                0x0000000017818e3c                image_setup_libfdt
 .text.get_effective_memsize
                0x0000000017818f24        0x8 common/built-in.o
                0x0000000017818f24                get_effective_memsize
 .text.nulldev_putc
                0x0000000017818f2c        0x4 common/built-in.o
 .text.nulldev_puts
                0x0000000017818f30        0x4 common/built-in.o
 .text.nulldev_input
                0x0000000017818f34        0x8 common/built-in.o
 .text.stdio_serial_tstc
                0x0000000017818f3c        0x4 common/built-in.o
 .text.stdio_serial_getc
                0x0000000017818f40        0x4 common/built-in.o
 .text.stdio_serial_puts
                0x0000000017818f44        0x8 common/built-in.o
 .text.stdio_serial_putc
                0x0000000017818f4c        0x8 common/built-in.o
 .text.stdio_get_list
                0x0000000017818f54        0xc common/built-in.o
                0x0000000017818f54                stdio_get_list
 .text.stdio_get_by_name
                0x0000000017818f60       0x5c common/built-in.o
                0x0000000017818f60                stdio_get_by_name
 .text.stdio_clone
                0x0000000017818fbc       0x38 common/built-in.o
                0x0000000017818fbc                stdio_clone
 .text.stdio_register_dev
                0x0000000017818ff4       0x50 common/built-in.o
                0x0000000017818ff4                stdio_register_dev
 .text.stdio_register
                0x0000000017819044        0x8 common/built-in.o
                0x0000000017819044                stdio_register
 .text.stdio_init_tables
                0x000000001781904c       0x1c common/built-in.o
                0x000000001781904c                stdio_init_tables
 .text.stdio_add_devices
                0x0000000017819068       0xd4 common/built-in.o
                0x0000000017819068                stdio_add_devices
 .text.run_command
                0x000000001781913c       0x10 common/built-in.o
                0x000000001781913c                run_command
 .text.run_command_list
                0x000000001781914c       0x7c common/built-in.o
                0x000000001781914c                run_command_list
 .text.do_run   0x00000000178191c8       0x78 common/built-in.o
                0x00000000178191c8                do_run
 .text.cli_loop
                0x0000000017819240        0xc common/built-in.o
                0x0000000017819240                cli_loop
 .text.cli_init
                0x000000001781924c        0x4 common/built-in.o
                0x000000001781924c                cli_init
 .text.delete_char.part.0
                0x0000000017819250       0xd0 common/built-in.o
 .text.cread_add_char
                0x0000000017819320       0xe8 common/built-in.o
 .text.cli_readline_into_buffer
                0x0000000017819408      0x9cc common/built-in.o
                0x0000000017819408                cli_readline_into_buffer
 .text.cli_readline
                0x0000000017819dd4       0x14 common/built-in.o
                0x0000000017819dd4                cli_readline
 .text.TQ_readline
                0x0000000017819de8       0x3c common/built-in.o
                0x0000000017819de8                TQ_readline
 .text.find_cmd_tbl
                0x0000000017819e24       0xa4 common/built-in.o
                0x0000000017819e24                find_cmd_tbl
 .text.find_cmd
                0x0000000017819ec8       0x28 common/built-in.o
                0x0000000017819ec8                find_cmd
 .text.cmd_usage
                0x0000000017819ef0       0x5c common/built-in.o
                0x0000000017819ef0                cmd_usage
 .text._do_help
                0x0000000017819f4c      0x180 common/built-in.o
                0x0000000017819f4c                _do_help
 .text.var_complete
                0x000000001781a0cc       0x7c common/built-in.o
                0x000000001781a0cc                var_complete
 .text.cmd_auto_complete
                0x000000001781a148      0x4b4 common/built-in.o
                0x000000001781a148                cmd_auto_complete
 .text.cmd_get_data_size
                0x000000001781a5fc       0x5c common/built-in.o
                0x000000001781a5fc                cmd_get_data_size
 .text.cmd_process
                0x000000001781a658       0xf4 common/built-in.o
                0x000000001781a658                cmd_process
 .text.cmd_process_error
                0x000000001781a74c       0x34 common/built-in.o
                0x000000001781a74c                cmd_process_error
 .text.hex2_bin
                0x000000001781a780       0x80 common/built-in.o
 .text.srec_decode
                0x000000001781a800      0x254 common/built-in.o
                0x000000001781a800                srec_decode
 .text.CYGACC_COMM_IF_GETC_TIMEOUT.isra.0
                0x000000001781aa54       0x5c common/built-in.o
 .text.xyzModem_get_hdr
                0x000000001781aab0      0x24c common/built-in.o
 .text.xyzModem_stream_open
                0x000000001781acfc      0x23c common/built-in.o
                0x000000001781acfc                xyzModem_stream_open
 .text.xyzModem_stream_read
                0x000000001781af38      0x258 common/built-in.o
                0x000000001781af38                xyzModem_stream_read
 .text.xyzModem_stream_close
                0x000000001781b190       0x54 common/built-in.o
                0x000000001781b190                xyzModem_stream_close
 .text.xyzModem_stream_terminate
                0x000000001781b1e4       0xa8 common/built-in.o
                0x000000001781b1e4                xyzModem_stream_terminate
 .text.xyzModem_error
                0x000000001781b28c       0x20 common/built-in.o
                0x000000001781b28c                xyzModem_error
 .text.common_diskboot
                0x000000001781b2ac      0x238 common/built-in.o
                0x000000001781b2ac                common_diskboot
 .text.set_args
                0x000000001781b4e4       0x6c common/built-in.o
 .text.do_set_gatewayip
                0x000000001781b550       0x14 common/built-in.o
 .text.do_set_net_mask
                0x000000001781b564       0x14 common/built-in.o
 .text.do_set_custom_eth_mac
                0x000000001781b578       0x14 common/built-in.o
 .text.do_set_custom_kernel_ip
                0x000000001781b58c       0xc8 common/built-in.o
 .text.do_set_kernel_ip_use_uboot
                0x000000001781b654       0x78 common/built-in.o
 .text.do_set_off_para
                0x000000001781b6cc       0x34 common/built-in.o
 .text.tftp_update_kernel
                0x000000001781b700       0x24 common/built-in.o
 .text.tftp_update_onekey
                0x000000001781b724       0x30 common/built-in.o
 .text.gen_eth_addr
                0x000000001781b754       0x9c common/built-in.o
 .text.do_set_gen_eth_addr
                0x000000001781b7f0        0x4 common/built-in.o
 .text.parse_menu
                0x000000001781b7f4      0x138 common/built-in.o
 .text.do_menu  0x000000001781b92c       0x20 common/built-in.o
                0x000000001781b92c                do_menu
 .text.sd_update_kernel
                0x000000001781b94c       0x60 common/built-in.o
 .text.set_display_args
                0x000000001781b9ac       0xd8 common/built-in.o
 .text.do_set_lvds_para_1366768
                0x000000001781ba84       0x30 common/built-in.o
 .text.do_set_hdmi_para_1080
                0x000000001781bab4       0x30 common/built-in.o
 .text.do_set_hdmi_para_720
                0x000000001781bae4       0x30 common/built-in.o
 .text.do_set_hdmi_para_480
                0x000000001781bb14       0x30 common/built-in.o
 .text.do_set_lcd_para_TQ_VGA_1280720
                0x000000001781bb44       0x30 common/built-in.o
 .text.do_set_lcd_para_TQ_VGA_640480
                0x000000001781bb74       0x30 common/built-in.o
 .text.do_set_lcd_para_TQ_VGA_19201200
                0x000000001781bba4       0x30 common/built-in.o
 .text.do_set_lcd_para_TQ_VGA_19201080
                0x000000001781bbd4       0x30 common/built-in.o
 .text.do_set_lcd_para_TQ_VGA_1360768
                0x000000001781bc04       0x30 common/built-in.o
 .text.do_set_lcd_para_TQ_VGA_1280768
                0x000000001781bc34       0x30 common/built-in.o
 .text.do_set_lcd_para_TQ_VGA_1024768
                0x000000001781bc64       0x30 common/built-in.o
 .text.do_set_lcd_para_TQ_TFT_1024600
                0x000000001781bc94       0x30 common/built-in.o
 .text.do_set_lcd_para_CLAA_WVGA
                0x000000001781bcc4       0x30 common/built-in.o
 .text.determine_to_save
                0x000000001781bcf4       0x68 common/built-in.o
 .text.do_nfs_para_setting
                0x000000001781bd5c       0x5c common/built-in.o
 .text.tftp_para_setting
                0x000000001781bdb8       0xc0 common/built-in.o
 .text._sdcard_update.constprop.3
                0x000000001781be78       0xb4 common/built-in.o
 .text.sdcard_update
                0x000000001781bf2c        0x4 common/built-in.o
 .text.do_tftpfat
                0x000000001781bf30      0x1b0 common/built-in.o
 .text.get_dev_hwpart
                0x000000001781c0e0       0xb0 disk/built-in.o
 .text.get_dev  0x000000001781c190        0x8 disk/built-in.o
                0x000000001781c190                get_dev
 .text.dev_print
                0x000000001781c198      0x204 disk/built-in.o
                0x000000001781c198                dev_print
 .text.init_part
                0x000000001781c39c       0x20 disk/built-in.o
                0x000000001781c39c                init_part
 .text.print_part
                0x000000001781c3bc       0xf4 disk/built-in.o
                0x000000001781c3bc                print_part
 .text.get_partition_info
                0x000000001781c4b0       0x2c disk/built-in.o
                0x000000001781c4b0                get_partition_info
 .text.get_device
                0x000000001781c4dc      0x114 disk/built-in.o
                0x000000001781c4dc                get_device
 .text.get_device_and_partition
                0x000000001781c5f0      0x440 disk/built-in.o
                0x000000001781c5f0                get_device_and_partition
 .text.test_block_type
                0x000000001781ca30       0x84 disk/built-in.o
 .text.print_partition_extended
                0x000000001781cab4      0x278 disk/built-in.o
 .text.get_partition_info_extended.constprop.2
                0x000000001781cd2c      0x2d4 disk/built-in.o
 .text.test_part_dos
                0x000000001781d000       0x64 disk/built-in.o
                0x000000001781d000                test_part_dos
 .text.print_part_dos
                0x000000001781d064       0x34 disk/built-in.o
                0x000000001781d064                print_part_dos
 .text.get_partition_info_dos
                0x000000001781d098       0x20 disk/built-in.o
                0x000000001781d098                get_partition_info_dos
 .text.device_bind
                0x000000001781d0b8      0x268 drivers/built-in.o
                0x000000001781d0b8                device_bind
 .text.device_bind_by_name
                0x000000001781d320       0x5c drivers/built-in.o
                0x000000001781d320                device_bind_by_name
 .text.device_probe
                0x000000001781d37c        0x8 drivers/built-in.o
                0x000000001781d37c                device_probe
 .text.device_probe_child
                0x000000001781d384      0x208 drivers/built-in.o
                0x000000001781d384                device_probe_child
 .text.dev_get_platdata
                0x000000001781d58c       0x34 drivers/built-in.o
                0x000000001781d58c                dev_get_platdata
 .text.dev_get_priv
                0x000000001781d5c0       0x34 drivers/built-in.o
                0x000000001781d5c0                dev_get_priv
 .text.lists_driver_lookup_name
                0x000000001781d5f4       0x4c drivers/built-in.o
                0x000000001781d5f4                lists_driver_lookup_name
 .text.lists_uclass_lookup
                0x000000001781d640       0x3c drivers/built-in.o
                0x000000001781d640                lists_uclass_lookup
 .text.lists_bind_drivers
                0x000000001781d67c       0x88 drivers/built-in.o
                0x000000001781d67c                lists_bind_drivers
 .text.dm_root  0x000000001781d704       0x28 drivers/built-in.o
                0x000000001781d704                dm_root
 .text.dm_init  0x000000001781d72c       0x58 drivers/built-in.o
                0x000000001781d72c                dm_init
 .text.dm_scan_platdata
                0x000000001781d784       0x2c drivers/built-in.o
                0x000000001781d784                dm_scan_platdata
 .text.dm_scan_other
                0x000000001781d7b0        0x8 drivers/built-in.o
                0x000000001781d7b0                dm_scan_other
 .text.dm_init_and_scan
                0x000000001781d7b8       0x30 drivers/built-in.o
                0x000000001781d7b8                dm_init_and_scan
 .text.uclass_find
                0x000000001781d7e8       0x4c drivers/built-in.o
                0x000000001781d7e8                uclass_find
 .text.uclass_get
                0x000000001781d834      0x134 drivers/built-in.o
                0x000000001781d834                uclass_get
 .text.uclass_find_device
                0x000000001781d968       0x68 drivers/built-in.o
                0x000000001781d968                uclass_find_device
 .text.uclass_find_device_by_seq
                0x000000001781d9d0       0x7c drivers/built-in.o
                0x000000001781d9d0                uclass_find_device_by_seq
 .text.uclass_get_device
                0x000000001781da4c       0x3c drivers/built-in.o
                0x000000001781da4c                uclass_get_device
 .text.uclass_bind_device
                0x000000001781da88       0xa4 drivers/built-in.o
                0x000000001781da88                uclass_bind_device
 .text.uclass_unbind_device
                0x000000001781db2c       0x50 drivers/built-in.o
                0x000000001781db2c                uclass_unbind_device
 .text.uclass_resolve_seq
                0x000000001781db7c       0xb0 drivers/built-in.o
                0x000000001781db7c                uclass_resolve_seq
 .text.uclass_pre_probe_child
                0x000000001781dc2c       0x2c drivers/built-in.o
                0x000000001781dc2c                uclass_pre_probe_child
 .text.uclass_post_probe_device
                0x000000001781dc58       0x20 drivers/built-in.o
                0x000000001781dc58                uclass_post_probe_device
 .text.uclass_pre_remove_device
                0x000000001781dc78       0x5c drivers/built-in.o
                0x000000001781dc78                uclass_pre_remove_device
 .text.dm_warn  0x000000001781dcd4       0x28 drivers/built-in.o
                0x000000001781dcd4                dm_warn
 .text.device_free
                0x000000001781dcfc       0x90 drivers/built-in.o
                0x000000001781dcfc                device_free
 .text.device_remove
                0x000000001781dd8c      0x138 drivers/built-in.o
                0x000000001781dd8c                device_remove
 .text.set_timing
                0x000000001781dec4       0xb8 drivers/built-in.o
 .text.prepare_access
                0x000000001781df7c       0x8c drivers/built-in.o
 .text.fuse_bank_physical
                0x000000001781e008       0x78 drivers/built-in.o
                0x000000001781e008                fuse_bank_physical
 .text.fuse_read
                0x000000001781e080       0x94 drivers/built-in.o
                0x000000001781e080                fuse_read
 .text.fuse_sense
                0x000000001781e114       0xcc drivers/built-in.o
                0x000000001781e114                fuse_sense
 .text.fuse_prog
                0x000000001781e1e0       0xc8 drivers/built-in.o
                0x000000001781e1e0                fuse_prog
 .text.fuse_override
                0x000000001781e2a8       0x88 drivers/built-in.o
                0x000000001781e2a8                fuse_override
 .text.draw_bitmap
                0x000000001781e330       0xdc drivers/built-in.o
 .text.console_newline.constprop.1
                0x000000001781e40c       0xc8 drivers/built-in.o
 .text.video_putc
                0x000000001781e4d4      0x4f8 drivers/built-in.o
 .text.video_puts
                0x000000001781e9cc       0x7c drivers/built-in.o
 .text.board_cfb_skip
                0x000000001781ea48        0x8 drivers/built-in.o
                0x000000001781ea48                board_cfb_skip
 .text.video_set_lut
                0x000000001781ea50        0x8 drivers/built-in.o
                0x000000001781ea54                video_set_lut
 .text.display_rle8_bitmap
                0x000000001781ea58      0x348 drivers/built-in.o
 .text.video_display_bitmap
                0x000000001781eda0      0x988 drivers/built-in.o
                0x000000001781eda0                video_display_bitmap
 .text.video_clear
                0x000000001781f728       0x54 drivers/built-in.o
                0x000000001781f728                video_clear
 .text.drv_video_init
                0x000000001781f77c      0x2ac drivers/built-in.o
                0x000000001781f77c                drv_video_init
 .text.mxcfb_map_video_memory
                0x000000001781fa28       0x88 drivers/built-in.o
 .text.ipuv3_fb_shutdown
                0x000000001781fab0       0x60 drivers/built-in.o
                0x000000001781fab0                ipuv3_fb_shutdown
 .text.video_hw_init
                0x000000001781fb10      0x5c4 drivers/built-in.o
                0x000000001781fb10                video_hw_init
 .text.ipuv3_fb_init
                0x00000000178200d4       0x2c drivers/built-in.o
                0x00000000178200d4                ipuv3_fb_init
 .text.clk_ipu_enable
                0x0000000017820100       0x20 drivers/built-in.o
 .text.clk_ipu_disable
                0x0000000017820120       0x1c drivers/built-in.o
 .text.clk_ldb_clk_enable
                0x000000001782013c       0x20 drivers/built-in.o
 .text.clk_ldb_clk_disable
                0x000000001782015c       0x1c drivers/built-in.o
 .text.ipu_pixel_clk_enable
                0x0000000017820178       0x28 drivers/built-in.o
 .text.ipu_pixel_clk_disable
                0x00000000178201a0       0x24 drivers/built-in.o
 .text.ipu_pixel_clk_round_rate
                0x00000000178201c4      0x118 drivers/built-in.o
 .text.ipu_pixel_clk_set_rate
                0x00000000178202dc       0xe8 drivers/built-in.o
 .text.ipu_pixel_clk_recalc
                0x00000000178203c4       0x7c drivers/built-in.o
 .text.ipu_pixel_clk_set_parent
                0x0000000017820440       0x84 drivers/built-in.o
 .text.clk_enable
                0x00000000178204c4       0x24 drivers/built-in.o
                0x00000000178204c4                clk_enable
 .text.clk_disable
                0x00000000178204e8       0x30 drivers/built-in.o
                0x00000000178204e8                clk_disable
 .text.clk_get_usecount
                0x0000000017820518        0xc drivers/built-in.o
                0x0000000017820518                clk_get_usecount
 .text.clk_get_rate
                0x0000000017820524        0xc drivers/built-in.o
                0x0000000017820524                clk_get_rate
 .text.clk_get_parent
                0x0000000017820530        0xc drivers/built-in.o
                0x0000000017820530                clk_get_parent
 .text.clk_set_rate
                0x000000001782053c       0x30 drivers/built-in.o
                0x000000001782053c                clk_set_rate
 .text.clk_round_rate
                0x000000001782056c       0x20 drivers/built-in.o
                0x000000001782056c                clk_round_rate
 .text.clk_set_parent
                0x000000001782058c       0x1c drivers/built-in.o
                0x000000001782058c                clk_set_parent
 .text.ipu_probe
                0x00000000178205a8      0x158 drivers/built-in.o
                0x00000000178205a8                ipu_probe
 .text.ipu_dump_registers
                0x0000000017820700        0x4 drivers/built-in.o
                0x0000000017820700                ipu_dump_registers
 .text.ipu_init_channel
                0x0000000017820704      0x1fc drivers/built-in.o
                0x0000000017820704                ipu_init_channel
 .text.ipu_uninit_channel
                0x0000000017820900      0x220 drivers/built-in.o
                0x0000000017820900                ipu_uninit_channel
 .text.ipu_enable_channel
                0x0000000017820b20       0xe8 drivers/built-in.o
                0x0000000017820b20                ipu_enable_channel
 .text.ipu_clear_buffer_ready
                0x0000000017820c08       0x7c drivers/built-in.o
                0x0000000017820c08                ipu_clear_buffer_ready
 .text.ipu_disable_channel
                0x0000000017820c84      0x198 drivers/built-in.o
                0x0000000017820c84                ipu_disable_channel
 .text.bytes_per_pixel
                0x0000000017820e1c       0xec drivers/built-in.o
                0x0000000017820e1c                bytes_per_pixel
 .text.ipu_init_channel_buffer
                0x0000000017820f08      0x584 drivers/built-in.o
                0x0000000017820f08                ipu_init_channel_buffer
 .text.format_to_colorspace
                0x000000001782148c       0xc4 drivers/built-in.o
                0x000000001782148c                format_to_colorspace