clock.c:1032:12:enable_enet_pll	4	static
clock.c:293:12:mxc_get_pll_pfd	16	static
clock.c:976:12:get_usdhc_clk	8	static
clock.c:28:6:enable_ocotp_clk	0	static
clock.c:83:6:enable_usboh3_clk	0	static
clock.c:97:6:enable_enet_clk	0	static
clock.c:120:6:enable_uart_clk	0	static
clock.c:151:5:enable_usdhc_clk	0	static
clock.c:170:5:enable_i2c_clk	0	static
clock.c:208:5:enable_spi_clk	0	static
clock.c:334:5:get_periph_clk	8	static
clock.c:445:12:get_axi_clk	8	static
clock.c:906:5:enable_fec_anatop_clock	0	static
clock.c:1021:5:imx_get_uartclk	8	static
clock.c:1087:5:enable_sata_clock	0	static
clock.c:1093:6:disable_sata_clock	0	static
clock.c:1102:5:enable_pcie_clock	8	static
clock.c:1214:6:enable_thermal_clk	0	static
clock.c:1219:14:mxc_get_clock	16	static
clock.c:1026:5:imx_get_fecclk	0	static
clock.c:1264:5:do_mx6_showclocks	16	static
clock.c:1322:6:enable_ipu_clock	0	static
