soc.c:61:5:get_nr_cpus	0	static
soc.c:67:5:get_cpu_rev	0	static
soc.c:96:12:get_board_rev	8	static
soc.c:110:6:init_aips	0	static
soc.c:424:5:arch_cpu_init	8	static
soc.c:521:5:board_postclk_init	8	static
soc.c:529:6:get_board_serial	0	static
soc.c:542:6:enable_caches	8	static
soc.c:567:6:imx_get_mac_from_fuse	0	static
soc.c:648:6:boot_mode_apply	0	static
soc.c:683:18:get_boot_device	0	static
soc.c:726:6:s_init	8	static
soc.c:770:6:set_wdog_reset	0	static
soc.c:792:6:reset_misc	0	static
soc.c:804:5:check_ldo_bypass	8	static
soc.c:828:5:check_1_2G	8	static
soc.c:859:6:set_arm_freq_400M	0	static
soc.c:869:6:prep_anatop_bypass	0	static
soc.c:892:5:set_anatop_bypass	8	static
soc.c:912:6:finish_anatop_bypass	0	static
soc.c:920:6:imx_enable_hdmi_phy	16	static
soc.c:936:6:imx_setup_hdmi	0	static
soc.c:973:6:v7_outer_cache_enable	0	static
soc.c:1024:6:v7_outer_cache_disable	0	static
soc.c:1039:5:recovery_check_and_clean_flag	16	static
soc.c:1060:5:fastboot_check_and_clean_flag	0	static
soc.c:1078:6:fastboot_enable_flag	0	static
