f_fastboot.c:1808:13:fastboot_complete	0	static
f_fastboot.c:2000:12:fastboot_tx_write_str	24	static
f_fastboot.c:2231:13:cb_continue	0	static
f_fastboot.c:2220:13:cb_boot	0	static
f_fastboot.c:2010:13:cb_reboot	0	static
f_fastboot.c:2264:13:cb_oem	8	static
f_fastboot.c:2016:12:strcmp_l1	16	static
f_fastboot.c:2366:13:rx_handler_command	40	static
f_fastboot.c:1854:13:fastboot_unbind	0	static
f_fastboot.c:1096:12:_fastboot_parts_add_ptable_entry	104	static
f_fastboot.c:2202:13:do_bootm_on_complete	32	static
f_fastboot.c:2005:13:compl_do_reset	0	static
f_fastboot.c:1878:28:fastboot_start_ep	16	static
f_fastboot.c:1953:12:fastboot_add	16	static
f_fastboot.c:1859:13:fastboot_disable	8	static
f_fastboot.c:2023:13:cb_getvar	104	static
f_fastboot.c:2226:13:do_exit_on_complete	0	static
f_fastboot.c:2083:13:rx_handler_dl_image	96	static
f_fastboot.c:2313:13:cb_reboot_bootloader	8	static
f_fastboot.c:1816:12:fastboot_bind	24	static
f_fastboot.c:1897:12:fastboot_set_alt	16	static
f_fastboot.c:2287:13:cb_erase	80	static
f_fastboot.c:505:12:parse_env.isra.4.constprop	8	static
f_fastboot.c:2173:13:cb_download	104	static
f_fastboot.c:693:6:fastboot_fail	16	static
f_fastboot.c:699:6:fastboot_okay	16	static
f_fastboot.c:1394:6:fastboot_flash_add_ptn	8	static
f_fastboot.c:1402:6:fastboot_flash_dump_ptn	24	static
f_fastboot.c:1413:26:fastboot_flash_find_ptn	32	static
f_fastboot.c:2238:13:cb_flash	360	static
f_fastboot.c:1525:5:do_boota	152	static
f_fastboot.c:1430:26:fastboot_flash_get_ptn	0	static
f_fastboot.c:1438:14:fastboot_flash_get_ptn_count	0	static
f_fastboot.c:1447:13:__def_fastboot_setup	0	static
f_fastboot.c:1455:6:fastboot_setup	320	static
f_fastboot.c:1482:6:check_fastboot	8	static
f_fastboot.c:1496:1:bootimg_print_image_hdr	0	static
